[0.187s] DEBUG:colcon:Command line arguments: ['/usr/bin/colcon', 'build']
[0.187s] DEBUG:colcon:Parsed command line arguments: Namespace(log_base=None, log_level=None, verb_name='build', build_base='build', install_base='install', merge_install=False, symlink_install=False, test_result_base=None, continue_on_error=False, executor='parallel', parallel_workers=16, event_handlers=None, ignore_user_meta=False, metas=['./colcon.meta'], base_paths=['.'], packages_ignore=None, packages_ignore_regex=None, paths=None, packages_up_to=None, packages_up_to_regex=None, packages_above=None, packages_above_and_dependencies=None, packages_above_depth=None, packages_select_by_dep=None, packages_skip_by_dep=None, packages_skip_up_to=None, packages_select_build_failed=False, packages_skip_build_finished=False, packages_select_test_failures=False, packages_skip_test_passed=False, packages_select=None, packages_skip=None, packages_select_regex=None, packages_skip_regex=None, packages_start=None, packages_end=None, allow_overriding=[], cmake_args=None, cmake_target=None, cmake_target_skip_unavailable=False, cmake_clean_cache=False, cmake_clean_first=False, cmake_force_configure=False, ament_cmake_args=None, catkin_cmake_args=None, catkin_skip_building_tests=False, mixin_files=None, mixin=None, verb_parser=<colcon_mixin.mixin.mixin_argument.MixinArgumentDecorator object at 0x755ba04aa600>, verb_extension=<colcon_core.verb.build.BuildVerb object at 0x755ba04aa360>, main=<bound method BuildVerb.main of <colcon_core.verb.build.BuildVerb object at 0x755ba04aa360>>, mixin_verb=('build',))
[0.247s] Level 1:colcon.colcon_core.package_discovery:discover_packages(colcon_meta) check parameters
[0.247s] Level 1:colcon.colcon_core.package_discovery:discover_packages(recursive) check parameters
[0.247s] Level 1:colcon.colcon_core.package_discovery:discover_packages(ignore) check parameters
[0.247s] Level 1:colcon.colcon_core.package_discovery:discover_packages(path) check parameters
[0.247s] Level 1:colcon.colcon_core.package_discovery:discover_packages(colcon_meta) discover
[0.247s] Level 1:colcon.colcon_core.package_discovery:discover_packages(recursive) discover
[0.247s] INFO:colcon.colcon_core.package_discovery:Crawling recursively for packages in '/home/mohamed-kassem/vector_v1_vslam/ros2_ws'
[0.247s] Level 1:colcon.colcon_core.package_identification:_identify(.) by extensions ['ignore', 'ignore_ament_install']
[0.248s] Level 1:colcon.colcon_core.package_identification:_identify(.) by extension 'ignore'
[0.248s] Level 1:colcon.colcon_core.package_identification:_identify(.) by extension 'ignore_ament_install'
[0.248s] Level 1:colcon.colcon_core.package_identification:_identify(.) by extensions ['colcon_pkg']
[0.248s] Level 1:colcon.colcon_core.package_identification:_identify(.) by extension 'colcon_pkg'
[0.248s] Level 1:colcon.colcon_core.package_identification:_identify(.) by extensions ['colcon_meta']
[0.248s] Level 1:colcon.colcon_core.package_identification:_identify(.) by extension 'colcon_meta'
[0.248s] Level 1:colcon.colcon_core.package_identification:_identify(.) by extensions ['ros']
[0.248s] Level 1:colcon.colcon_core.package_identification:_identify(.) by extension 'ros'
[0.286s] Level 1:colcon.colcon_core.package_identification:_identify(.) by extensions ['cmake', 'python']
[0.286s] Level 1:colcon.colcon_core.package_identification:_identify(.) by extension 'cmake'
[0.286s] Level 1:colcon.colcon_core.package_identification:_identify(.) by extension 'python'
[0.286s] Level 1:colcon.colcon_core.package_identification:_identify(.) by extensions ['python_setup_py']
[0.286s] Level 1:colcon.colcon_core.package_identification:_identify(.) by extension 'python_setup_py'
[0.287s] Level 1:colcon.colcon_core.package_identification:_identify(build) by extensions ['ignore', 'ignore_ament_install']
[0.287s] Level 1:colcon.colcon_core.package_identification:_identify(build) by extension 'ignore'
[0.287s] Level 1:colcon.colcon_core.package_identification:_identify(build) ignored
[0.287s] Level 1:colcon.colcon_core.package_identification:_identify(install) by extensions ['ignore', 'ignore_ament_install']
[0.287s] Level 1:colcon.colcon_core.package_identification:_identify(install) by extension 'ignore'
[0.287s] Level 1:colcon.colcon_core.package_identification:_identify(install) ignored
[0.287s] Level 1:colcon.colcon_core.package_identification:_identify(log) by extensions ['ignore', 'ignore_ament_install']
[0.287s] Level 1:colcon.colcon_core.package_identification:_identify(log) by extension 'ignore'
[0.287s] Level 1:colcon.colcon_core.package_identification:_identify(log) ignored
[0.288s] Level 1:colcon.colcon_core.package_identification:_identify(src) by extensions ['ignore', 'ignore_ament_install']
[0.288s] Level 1:colcon.colcon_core.package_identification:_identify(src) by extension 'ignore'
[0.288s] Level 1:colcon.colcon_core.package_identification:_identify(src) by extension 'ignore_ament_install'
[0.288s] Level 1:colcon.colcon_core.package_identification:_identify(src) by extensions ['colcon_pkg']
[0.288s] Level 1:colcon.colcon_core.package_identification:_identify(src) by extension 'colcon_pkg'
[0.288s] Level 1:colcon.colcon_core.package_identification:_identify(src) by extensions ['colcon_meta']
[0.288s] Level 1:colcon.colcon_core.package_identification:_identify(src) by extension 'colcon_meta'
[0.288s] Level 1:colcon.colcon_core.package_identification:_identify(src) by extensions ['ros']
[0.288s] Level 1:colcon.colcon_core.package_identification:_identify(src) by extension 'ros'
[0.288s] Level 1:colcon.colcon_core.package_identification:_identify(src) by extensions ['cmake', 'python']
[0.288s] Level 1:colcon.colcon_core.package_identification:_identify(src) by extension 'cmake'
[0.288s] Level 1:colcon.colcon_core.package_identification:_identify(src) by extension 'python'
[0.289s] Level 1:colcon.colcon_core.package_identification:_identify(src) by extensions ['python_setup_py']
[0.289s] Level 1:colcon.colcon_core.package_identification:_identify(src) by extension 'python_setup_py'
[0.289s] Level 1:colcon.colcon_core.package_identification:_identify(src/arduino_pkg) by extensions ['ignore', 'ignore_ament_install']
[0.289s] Level 1:colcon.colcon_core.package_identification:_identify(src/arduino_pkg) by extension 'ignore'
[0.289s] Level 1:colcon.colcon_core.package_identification:_identify(src/arduino_pkg) by extension 'ignore_ament_install'
[0.289s] Level 1:colcon.colcon_core.package_identification:_identify(src/arduino_pkg) by extensions ['colcon_pkg']
[0.289s] Level 1:colcon.colcon_core.package_identification:_identify(src/arduino_pkg) by extension 'colcon_pkg'
[0.289s] Level 1:colcon.colcon_core.package_identification:_identify(src/arduino_pkg) by extensions ['colcon_meta']
[0.289s] Level 1:colcon.colcon_core.package_identification:_identify(src/arduino_pkg) by extension 'colcon_meta'
[0.289s] Level 1:colcon.colcon_core.package_identification:_identify(src/arduino_pkg) by extensions ['ros']
[0.289s] Level 1:colcon.colcon_core.package_identification:_identify(src/arduino_pkg) by extension 'ros'
[0.293s] DEBUG:colcon.colcon_core.package_identification:Found ROS schema reference in package manifest in 'src/arduino_pkg'
[0.293s] WARNING:colcon.colcon_core.package_identification:Failed to parse ROS package manifest in 'src/arduino_pkg': Error(s) in package 'src/arduino_pkg/package.xml':
Invalid email "=" for person "mohammed-sameh"
[0.293s] Level 1:colcon.colcon_core.package_identification:_identify(src/arduino_pkg) by extensions ['cmake', 'python']
[0.293s] Level 1:colcon.colcon_core.package_identification:_identify(src/arduino_pkg) by extension 'cmake'
[0.293s] Level 1:colcon.colcon_core.package_identification:_identify(src/arduino_pkg) by extension 'python'
[0.293s] DEBUG:colcon.colcon_core.package_identification:Python package in 'src/arduino_pkg' passes arguments to the setup() function which requires a different identification extension than 'python'
[0.293s] Level 1:colcon.colcon_core.package_identification:_identify(src/arduino_pkg) by extensions ['python_setup_py']
[0.293s] Level 1:colcon.colcon_core.package_identification:_identify(src/arduino_pkg) by extension 'python_setup_py'
[0.635s] DEBUG:colcon.colcon_core.package_identification:Package 'src/arduino_pkg' with type 'python' and name 'arduino_pkg'
[0.635s] Level 1:colcon.colcon_core.package_identification:_identify(src/log) by extensions ['ignore', 'ignore_ament_install']
[0.635s] Level 1:colcon.colcon_core.package_identification:_identify(src/log) by extension 'ignore'
[0.635s] Level 1:colcon.colcon_core.package_identification:_identify(src/log) ignored
[0.636s] Level 1:colcon.colcon_core.package_identification:_identify(src/rpi_controller_pkg) by extensions ['ignore', 'ignore_ament_install']
[0.636s] Level 1:colcon.colcon_core.package_identification:_identify(src/rpi_controller_pkg) by extension 'ignore'
[0.636s] Level 1:colcon.colcon_core.package_identification:_identify(src/rpi_controller_pkg) by extension 'ignore_ament_install'
[0.636s] Level 1:colcon.colcon_core.package_identification:_identify(src/rpi_controller_pkg) by extensions ['colcon_pkg']
[0.636s] Level 1:colcon.colcon_core.package_identification:_identify(src/rpi_controller_pkg) by extension 'colcon_pkg'
[0.636s] Level 1:colcon.colcon_core.package_identification:_identify(src/rpi_controller_pkg) by extensions ['colcon_meta']
[0.636s] Level 1:colcon.colcon_core.package_identification:_identify(src/rpi_controller_pkg) by extension 'colcon_meta'
[0.636s] Level 1:colcon.colcon_core.package_identification:_identify(src/rpi_controller_pkg) by extensions ['ros']
[0.636s] Level 1:colcon.colcon_core.package_identification:_identify(src/rpi_controller_pkg) by extension 'ros'
[0.637s] DEBUG:colcon.colcon_core.package_identification:Package 'src/rpi_controller_pkg' with type 'ros.ament_python' and name 'rpi_controller_pkg'
[0.637s] Level 1:colcon.colcon_core.package_identification:_identify(src/vslam_pkg) by extensions ['ignore', 'ignore_ament_install']
[0.637s] Level 1:colcon.colcon_core.package_identification:_identify(src/vslam_pkg) by extension 'ignore'
[0.637s] Level 1:colcon.colcon_core.package_identification:_identify(src/vslam_pkg) by extension 'ignore_ament_install'
[0.637s] Level 1:colcon.colcon_core.package_identification:_identify(src/vslam_pkg) by extensions ['colcon_pkg']
[0.637s] Level 1:colcon.colcon_core.package_identification:_identify(src/vslam_pkg) by extension 'colcon_pkg'
[0.637s] Level 1:colcon.colcon_core.package_identification:_identify(src/vslam_pkg) by extensions ['colcon_meta']
[0.637s] Level 1:colcon.colcon_core.package_identification:_identify(src/vslam_pkg) by extension 'colcon_meta'
[0.637s] Level 1:colcon.colcon_core.package_identification:_identify(src/vslam_pkg) by extensions ['ros']
[0.638s] Level 1:colcon.colcon_core.package_identification:_identify(src/vslam_pkg) by extension 'ros'
[0.638s] DEBUG:colcon.colcon_core.package_identification:Package 'src/vslam_pkg' with type 'ros.ament_python' and name 'vslam_pkg'
[0.638s] Level 1:colcon.colcon_core.package_discovery:discover_packages(recursive) using defaults
[0.639s] Level 1:colcon.colcon_core.package_discovery:discover_packages(ignore) discover
[0.639s] Level 1:colcon.colcon_core.package_discovery:discover_packages(ignore) using defaults
[0.639s] Level 1:colcon.colcon_core.package_discovery:discover_packages(path) discover
[0.639s] Level 1:colcon.colcon_core.package_discovery:discover_packages(path) using defaults
[0.673s] Level 1:colcon.colcon_core.package_discovery:discover_packages(prefix_path) check parameters
[0.673s] Level 1:colcon.colcon_core.package_discovery:discover_packages(prefix_path) discover
[0.679s] DEBUG:colcon.colcon_installed_package_information.package_discovery:Found 2 installed packages in /home/mohamed-kassem/amr_ws/install
[0.680s] DEBUG:colcon.colcon_installed_package_information.package_discovery:Found 6 installed packages in /home/mohamed-kassem/bumperbot_ws/install
[0.680s] DEBUG:colcon.colcon_installed_package_information.package_discovery:Found 2 installed packages in /home/mohamed-kassem/ros2_ws_turtleCop/install
[0.681s] DEBUG:colcon.colcon_installed_package_information.package_discovery:Found 2 installed packages in /home/mohamed-kassem/ros2_ws/install
[0.684s] DEBUG:colcon.colcon_installed_package_information.package_discovery:Found 390 installed packages in /opt/ros/jazzy
[0.687s] Level 1:colcon.colcon_core.package_discovery:discover_packages(prefix_path) using defaults
[0.770s] Level 5:colcon.colcon_core.verb:set package 'arduino_pkg' build argument 'cmake_args' from command line to 'None'
[0.771s] Level 5:colcon.colcon_core.verb:set package 'arduino_pkg' build argument 'cmake_target' from command line to 'None'
[0.771s] Level 5:colcon.colcon_core.verb:set package 'arduino_pkg' build argument 'cmake_target_skip_unavailable' from command line to 'False'
[0.771s] Level 5:colcon.colcon_core.verb:set package 'arduino_pkg' build argument 'cmake_clean_cache' from command line to 'False'
[0.771s] Level 5:colcon.colcon_core.verb:set package 'arduino_pkg' build argument 'cmake_clean_first' from command line to 'False'
[0.771s] Level 5:colcon.colcon_core.verb:set package 'arduino_pkg' build argument 'cmake_force_configure' from command line to 'False'
[0.771s] Level 5:colcon.colcon_core.verb:set package 'arduino_pkg' build argument 'ament_cmake_args' from command line to 'None'
[0.771s] Level 5:colcon.colcon_core.verb:set package 'arduino_pkg' build argument 'catkin_cmake_args' from command line to 'None'
[0.771s] Level 5:colcon.colcon_core.verb:set package 'arduino_pkg' build argument 'catkin_skip_building_tests' from command line to 'False'
[0.771s] DEBUG:colcon.colcon_core.verb:Building package 'arduino_pkg' with the following arguments: {'ament_cmake_args': None, 'build_base': '/home/mohamed-kassem/vector_v1_vslam/ros2_ws/build/arduino_pkg', 'catkin_cmake_args': None, 'catkin_skip_building_tests': False, 'cmake_args': None, 'cmake_clean_cache': False, 'cmake_clean_first': False, 'cmake_force_configure': False, 'cmake_target': None, 'cmake_target_skip_unavailable': False, 'install_base': '/home/mohamed-kassem/vector_v1_vslam/ros2_ws/install/arduino_pkg', 'merge_install': False, 'path': '/home/mohamed-kassem/vector_v1_vslam/ros2_ws/src/arduino_pkg', 'symlink_install': False, 'test_result_base': None}
[0.771s] Level 5:colcon.colcon_core.verb:set package 'rpi_controller_pkg' build argument 'cmake_args' from command line to 'None'
[0.771s] Level 5:colcon.colcon_core.verb:set package 'rpi_controller_pkg' build argument 'cmake_target' from command line to 'None'
[0.771s] Level 5:colcon.colcon_core.verb:set package 'rpi_controller_pkg' build argument 'cmake_target_skip_unavailable' from command line to 'False'
[0.771s] Level 5:colcon.colcon_core.verb:set package 'rpi_controller_pkg' build argument 'cmake_clean_cache' from command line to 'False'
[0.771s] Level 5:colcon.colcon_core.verb:set package 'rpi_controller_pkg' build argument 'cmake_clean_first' from command line to 'False'
[0.771s] Level 5:colcon.colcon_core.verb:set package 'rpi_controller_pkg' build argument 'cmake_force_configure' from command line to 'False'
[0.771s] Level 5:colcon.colcon_core.verb:set package 'rpi_controller_pkg' build argument 'ament_cmake_args' from command line to 'None'
[0.771s] Level 5:colcon.colcon_core.verb:set package 'rpi_controller_pkg' build argument 'catkin_cmake_args' from command line to 'None'
[0.771s] Level 5:colcon.colcon_core.verb:set package 'rpi_controller_pkg' build argument 'catkin_skip_building_tests' from command line to 'False'
[0.772s] DEBUG:colcon.colcon_core.verb:Building package 'rpi_controller_pkg' with the following arguments: {'ament_cmake_args': None, 'build_base': '/home/mohamed-kassem/vector_v1_vslam/ros2_ws/build/rpi_controller_pkg', 'catkin_cmake_args': None, 'catkin_skip_building_tests': False, 'cmake_args': None, 'cmake_clean_cache': False, 'cmake_clean_first': False, 'cmake_force_configure': False, 'cmake_target': None, 'cmake_target_skip_unavailable': False, 'install_base': '/home/mohamed-kassem/vector_v1_vslam/ros2_ws/install/rpi_controller_pkg', 'merge_install': False, 'path': '/home/mohamed-kassem/vector_v1_vslam/ros2_ws/src/rpi_controller_pkg', 'symlink_install': False, 'test_result_base': None}
[0.772s] Level 5:colcon.colcon_core.verb:set package 'vslam_pkg' build argument 'cmake_args' from command line to 'None'
[0.772s] Level 5:colcon.colcon_core.verb:set package 'vslam_pkg' build argument 'cmake_target' from command line to 'None'
[0.772s] Level 5:colcon.colcon_core.verb:set package 'vslam_pkg' build argument 'cmake_target_skip_unavailable' from command line to 'False'
[0.772s] Level 5:colcon.colcon_core.verb:set package 'vslam_pkg' build argument 'cmake_clean_cache' from command line to 'False'
[0.772s] Level 5:colcon.colcon_core.verb:set package 'vslam_pkg' build argument 'cmake_clean_first' from command line to 'False'
[0.772s] Level 5:colcon.colcon_core.verb:set package 'vslam_pkg' build argument 'cmake_force_configure' from command line to 'False'
[0.772s] Level 5:colcon.colcon_core.verb:set package 'vslam_pkg' build argument 'ament_cmake_args' from command line to 'None'
[0.772s] Level 5:colcon.colcon_core.verb:set package 'vslam_pkg' build argument 'catkin_cmake_args' from command line to 'None'
[0.772s] Level 5:colcon.colcon_core.verb:set package 'vslam_pkg' build argument 'catkin_skip_building_tests' from command line to 'False'
[0.772s] DEBUG:colcon.colcon_core.verb:Building package 'vslam_pkg' with the following arguments: {'ament_cmake_args': None, 'build_base': '/home/mohamed-kassem/vector_v1_vslam/ros2_ws/build/vslam_pkg', 'catkin_cmake_args': None, 'catkin_skip_building_tests': False, 'cmake_args': None, 'cmake_clean_cache': False, 'cmake_clean_first': False, 'cmake_force_configure': False, 'cmake_target': None, 'cmake_target_skip_unavailable': False, 'install_base': '/home/mohamed-kassem/vector_v1_vslam/ros2_ws/install/vslam_pkg', 'merge_install': False, 'path': '/home/mohamed-kassem/vector_v1_vslam/ros2_ws/src/vslam_pkg', 'symlink_install': False, 'test_result_base': None}
[0.772s] INFO:colcon.colcon_core.executor:Executing jobs using 'parallel' executor
[0.774s] DEBUG:colcon.colcon_parallel_executor.executor.parallel:run_until_complete
[0.775s] INFO:colcon.colcon_core.task.python.build:Building Python package in '/home/mohamed-kassem/vector_v1_vslam/ros2_ws/src/arduino_pkg'
[0.780s] INFO:colcon.colcon_core.plugin_system:Skipping extension 'colcon_core.shell.bat': Not used on non-Windows systems
[0.780s] INFO:colcon.colcon_core.shell:Skip shell extension 'powershell' for command environment: Not usable outside of PowerShell
[0.780s] DEBUG:colcon.colcon_core.shell:Skip shell extension 'dsv' for command environment
[0.788s] INFO:colcon.colcon_ros.task.ament_python.build:Building ROS package in '/home/mohamed-kassem/vector_v1_vslam/ros2_ws/src/rpi_controller_pkg' with build type 'ament_python'
[0.788s] Level 1:colcon.colcon_core.shell:create_environment_hook('rpi_controller_pkg', 'ament_prefix_path')
[0.789s] INFO:colcon.colcon_core.shell:Creating environment hook '/home/mohamed-kassem/vector_v1_vslam/ros2_ws/install/rpi_controller_pkg/share/rpi_controller_pkg/hook/ament_prefix_path.ps1'
[0.790s] INFO:colcon.colcon_core.shell:Creating environment descriptor '/home/mohamed-kassem/vector_v1_vslam/ros2_ws/install/rpi_controller_pkg/share/rpi_controller_pkg/hook/ament_prefix_path.dsv'
[0.790s] INFO:colcon.colcon_core.shell:Creating environment hook '/home/mohamed-kassem/vector_v1_vslam/ros2_ws/install/rpi_controller_pkg/share/rpi_controller_pkg/hook/ament_prefix_path.sh'
[0.791s] INFO:colcon.colcon_core.shell:Skip shell extension 'powershell' for command environment: Not usable outside of PowerShell
[0.791s] DEBUG:colcon.colcon_core.shell:Skip shell extension 'dsv' for command environment
[0.799s] INFO:colcon.colcon_ros.task.ament_python.build:Building ROS package in '/home/mohamed-kassem/vector_v1_vslam/ros2_ws/src/vslam_pkg' with build type 'ament_python'
[0.800s] Level 1:colcon.colcon_core.shell:create_environment_hook('vslam_pkg', 'ament_prefix_path')
[0.800s] INFO:colcon.colcon_core.shell:Creating environment hook '/home/mohamed-kassem/vector_v1_vslam/ros2_ws/install/vslam_pkg/share/vslam_pkg/hook/ament_prefix_path.ps1'
[0.801s] INFO:colcon.colcon_core.shell:Creating environment descriptor '/home/mohamed-kassem/vector_v1_vslam/ros2_ws/install/vslam_pkg/share/vslam_pkg/hook/ament_prefix_path.dsv'
[0.802s] INFO:colcon.colcon_core.shell:Creating environment hook '/home/mohamed-kassem/vector_v1_vslam/ros2_ws/install/vslam_pkg/share/vslam_pkg/hook/ament_prefix_path.sh'
[0.802s] INFO:colcon.colcon_core.shell:Skip shell extension 'powershell' for command environment: Not usable outside of PowerShell
[0.802s] DEBUG:colcon.colcon_core.shell:Skip shell extension 'dsv' for command environment
[1.515s] INFO:colcon.colcon_core.task.python.build:Building Python package in '/home/mohamed-kassem/vector_v1_vslam/ros2_ws/src/rpi_controller_pkg'
[1.515s] INFO:colcon.colcon_core.shell:Skip shell extension 'powershell' for command environment: Not usable outside of PowerShell
[1.516s] DEBUG:colcon.colcon_core.shell:Skip shell extension 'dsv' for command environment
[1.876s] INFO:colcon.colcon_core.task.python.build:Building Python package in '/home/mohamed-kassem/vector_v1_vslam/ros2_ws/src/vslam_pkg'
[1.876s] INFO:colcon.colcon_core.shell:Skip shell extension 'powershell' for command environment: Not usable outside of PowerShell
[1.877s] DEBUG:colcon.colcon_core.shell:Skip shell extension 'dsv' for command environment
[2.318s] DEBUG:colcon.colcon_core.event_handler.log_command:Invoking command in '/home/mohamed-kassem/vector_v1_vslam/ros2_ws/src/arduino_pkg': DEBUGINFOD_URLS=https://debuginfod.ubuntu.com PYTHONPATH=/home/mohamed-kassem/vector_v1_vslam/ros2_ws/build/arduino_pkg/prefix_override:/usr/lib/python3/dist-packages/colcon_core/task/python/colcon_distutils_commands:/home/mohamed-kassem/vector_v1_vslam/ros2_ws/install/arduino_pkg/lib/python3.12/site-packages:${PYTHONPATH} /usr/bin/python3 -W ignore:setup.py install is deprecated -W ignore:easy_install command is deprecated setup.py egg_info --egg-base ../../build/arduino_pkg build --build-base /home/mohamed-kassem/vector_v1_vslam/ros2_ws/build/arduino_pkg/build install --record /home/mohamed-kassem/vector_v1_vslam/ros2_ws/build/arduino_pkg/install.log --single-version-externally-managed install_data
[2.854s] DEBUG:colcon.colcon_core.event_handler.log_command:Invoking command in '/home/mohamed-kassem/vector_v1_vslam/ros2_ws/src/vslam_pkg': DEBUGINFOD_URLS=https://debuginfod.ubuntu.com PYTHONPATH=/home/mohamed-kassem/vector_v1_vslam/ros2_ws/build/vslam_pkg/prefix_override:/usr/lib/python3/dist-packages/colcon_core/task/python/colcon_distutils_commands:/home/mohamed-kassem/vector_v1_vslam/ros2_ws/install/vslam_pkg/lib/python3.12/site-packages:${PYTHONPATH} /usr/bin/python3 -W ignore:setup.py install is deprecated -W ignore:easy_install command is deprecated setup.py egg_info --egg-base ../../build/vslam_pkg build --build-base /home/mohamed-kassem/vector_v1_vslam/ros2_ws/build/vslam_pkg/build install --record /home/mohamed-kassem/vector_v1_vslam/ros2_ws/build/vslam_pkg/install.log --single-version-externally-managed install_data
[2.882s] DEBUG:colcon.colcon_core.event_handler.log_command:Invoking command in '/home/mohamed-kassem/vector_v1_vslam/ros2_ws/src/rpi_controller_pkg': DEBUGINFOD_URLS=https://debuginfod.ubuntu.com PYTHONPATH=/home/mohamed-kassem/vector_v1_vslam/ros2_ws/build/rpi_controller_pkg/prefix_override:/usr/lib/python3/dist-packages/colcon_core/task/python/colcon_distutils_commands:/home/mohamed-kassem/vector_v1_vslam/ros2_ws/install/rpi_controller_pkg/lib/python3.12/site-packages:${PYTHONPATH} /usr/bin/python3 -W ignore:setup.py install is deprecated -W ignore:easy_install command is deprecated setup.py egg_info --egg-base ../../build/rpi_controller_pkg build --build-base /home/mohamed-kassem/vector_v1_vslam/ros2_ws/build/rpi_controller_pkg/build install --record /home/mohamed-kassem/vector_v1_vslam/ros2_ws/build/rpi_controller_pkg/install.log --single-version-externally-managed install_data
[3.265s] DEBUG:colcon.colcon_core.event_handler.log_command:Invoked command in '/home/mohamed-kassem/vector_v1_vslam/ros2_ws/src/arduino_pkg' returned '0': DEBUGINFOD_URLS=https://debuginfod.ubuntu.com PYTHONPATH=/home/mohamed-kassem/vector_v1_vslam/ros2_ws/build/arduino_pkg/prefix_override:/usr/lib/python3/dist-packages/colcon_core/task/python/colcon_distutils_commands:/home/mohamed-kassem/vector_v1_vslam/ros2_ws/install/arduino_pkg/lib/python3.12/site-packages:${PYTHONPATH} /usr/bin/python3 -W ignore:setup.py install is deprecated -W ignore:easy_install command is deprecated setup.py egg_info --egg-base ../../build/arduino_pkg build --build-base /home/mohamed-kassem/vector_v1_vslam/ros2_ws/build/arduino_pkg/build install --record /home/mohamed-kassem/vector_v1_vslam/ros2_ws/build/arduino_pkg/install.log --single-version-externally-managed install_data
[3.279s] Level 1:colcon.colcon_core.environment:checking '/home/mohamed-kassem/vector_v1_vslam/ros2_ws/install/arduino_pkg' for CMake module files
[3.280s] Level 1:colcon.colcon_core.environment:checking '/home/mohamed-kassem/vector_v1_vslam/ros2_ws/install/arduino_pkg' for CMake config files
[3.282s] Level 1:colcon.colcon_core.environment:checking '/home/mohamed-kassem/vector_v1_vslam/ros2_ws/install/arduino_pkg/lib'
[3.282s] Level 1:colcon.colcon_core.environment:checking '/home/mohamed-kassem/vector_v1_vslam/ros2_ws/install/arduino_pkg/bin'
[3.282s] Level 1:colcon.colcon_core.environment:checking '/home/mohamed-kassem/vector_v1_vslam/ros2_ws/install/arduino_pkg/lib/pkgconfig/arduino_pkg.pc'
[3.283s] Level 1:colcon.colcon_core.environment:checking '/home/mohamed-kassem/vector_v1_vslam/ros2_ws/install/arduino_pkg/lib/python3.12/site-packages'
[3.284s] Level 1:colcon.colcon_core.shell:create_environment_hook('arduino_pkg', 'pythonpath')
[3.284s] INFO:colcon.colcon_core.shell:Creating environment hook '/home/mohamed-kassem/vector_v1_vslam/ros2_ws/install/arduino_pkg/share/arduino_pkg/hook/pythonpath.ps1'
[3.285s] INFO:colcon.colcon_core.shell:Creating environment descriptor '/home/mohamed-kassem/vector_v1_vslam/ros2_ws/install/arduino_pkg/share/arduino_pkg/hook/pythonpath.dsv'
[3.286s] INFO:colcon.colcon_core.shell:Creating environment hook '/home/mohamed-kassem/vector_v1_vslam/ros2_ws/install/arduino_pkg/share/arduino_pkg/hook/pythonpath.sh'
[3.288s] Level 1:colcon.colcon_core.environment:checking '/home/mohamed-kassem/vector_v1_vslam/ros2_ws/install/arduino_pkg/bin'
[3.288s] Level 1:colcon.colcon_core.environment:create_environment_scripts_only(arduino_pkg)
[3.288s] INFO:colcon.colcon_core.shell:Creating package script '/home/mohamed-kassem/vector_v1_vslam/ros2_ws/install/arduino_pkg/share/arduino_pkg/package.ps1'
[3.290s] INFO:colcon.colcon_core.shell:Creating package descriptor '/home/mohamed-kassem/vector_v1_vslam/ros2_ws/install/arduino_pkg/share/arduino_pkg/package.dsv'
[3.292s] INFO:colcon.colcon_core.shell:Creating package script '/home/mohamed-kassem/vector_v1_vslam/ros2_ws/install/arduino_pkg/share/arduino_pkg/package.sh'
[3.293s] INFO:colcon.colcon_core.shell:Creating package script '/home/mohamed-kassem/vector_v1_vslam/ros2_ws/install/arduino_pkg/share/arduino_pkg/package.bash'
[3.297s] INFO:colcon.colcon_core.shell:Creating package script '/home/mohamed-kassem/vector_v1_vslam/ros2_ws/install/arduino_pkg/share/arduino_pkg/package.zsh'
[3.298s] Level 1:colcon.colcon_core.environment:create_file_with_runtime_dependencies(/home/mohamed-kassem/vector_v1_vslam/ros2_ws/install/arduino_pkg/share/colcon-core/packages/arduino_pkg)
[3.757s] Level 1:colcon.colcon_core.environment:checking '/home/mohamed-kassem/vector_v1_vslam/ros2_ws/install/vslam_pkg' for CMake module files
[3.758s] DEBUG:colcon.colcon_core.event_handler.log_command:Invoked command in '/home/mohamed-kassem/vector_v1_vslam/ros2_ws/src/vslam_pkg' returned '0': DEBUGINFOD_URLS=https://debuginfod.ubuntu.com PYTHONPATH=/home/mohamed-kassem/vector_v1_vslam/ros2_ws/build/vslam_pkg/prefix_override:/usr/lib/python3/dist-packages/colcon_core/task/python/colcon_distutils_commands:/home/mohamed-kassem/vector_v1_vslam/ros2_ws/install/vslam_pkg/lib/python3.12/site-packages:${PYTHONPATH} /usr/bin/python3 -W ignore:setup.py install is deprecated -W ignore:easy_install command is deprecated setup.py egg_info --egg-base ../../build/vslam_pkg build --build-base /home/mohamed-kassem/vector_v1_vslam/ros2_ws/build/vslam_pkg/build install --record /home/mohamed-kassem/vector_v1_vslam/ros2_ws/build/vslam_pkg/install.log --single-version-externally-managed install_data
[3.759s] Level 1:colcon.colcon_core.environment:checking '/home/mohamed-kassem/vector_v1_vslam/ros2_ws/install/vslam_pkg' for CMake config files
[3.761s] Level 1:colcon.colcon_core.environment:checking '/home/mohamed-kassem/vector_v1_vslam/ros2_ws/install/vslam_pkg/lib'
[3.761s] Level 1:colcon.colcon_core.environment:checking '/home/mohamed-kassem/vector_v1_vslam/ros2_ws/install/vslam_pkg/bin'
[3.761s] Level 1:colcon.colcon_core.environment:checking '/home/mohamed-kassem/vector_v1_vslam/ros2_ws/install/vslam_pkg/lib/pkgconfig/vslam_pkg.pc'
[3.762s] Level 1:colcon.colcon_core.environment:checking '/home/mohamed-kassem/vector_v1_vslam/ros2_ws/install/vslam_pkg/lib/python3.12/site-packages'
[3.762s] Level 1:colcon.colcon_core.shell:create_environment_hook('vslam_pkg', 'pythonpath')
[3.763s] INFO:colcon.colcon_core.shell:Creating environment hook '/home/mohamed-kassem/vector_v1_vslam/ros2_ws/install/vslam_pkg/share/vslam_pkg/hook/pythonpath.ps1'
[3.764s] INFO:colcon.colcon_core.shell:Creating environment descriptor '/home/mohamed-kassem/vector_v1_vslam/ros2_ws/install/vslam_pkg/share/vslam_pkg/hook/pythonpath.dsv'
[3.764s] INFO:colcon.colcon_core.shell:Creating environment hook '/home/mohamed-kassem/vector_v1_vslam/ros2_ws/install/vslam_pkg/share/vslam_pkg/hook/pythonpath.sh'
[3.766s] Level 1:colcon.colcon_core.environment:checking '/home/mohamed-kassem/vector_v1_vslam/ros2_ws/install/vslam_pkg/bin'
[3.766s] Level 1:colcon.colcon_core.environment:create_environment_scripts_only(vslam_pkg)
[3.767s] INFO:colcon.colcon_core.shell:Creating package script '/home/mohamed-kassem/vector_v1_vslam/ros2_ws/install/vslam_pkg/share/vslam_pkg/package.ps1'
[3.768s] INFO:colcon.colcon_core.shell:Creating package descriptor '/home/mohamed-kassem/vector_v1_vslam/ros2_ws/install/vslam_pkg/share/vslam_pkg/package.dsv'
[3.769s] INFO:colcon.colcon_core.shell:Creating package script '/home/mohamed-kassem/vector_v1_vslam/ros2_ws/install/vslam_pkg/share/vslam_pkg/package.sh'
[3.770s] INFO:colcon.colcon_core.shell:Creating package script '/home/mohamed-kassem/vector_v1_vslam/ros2_ws/install/vslam_pkg/share/vslam_pkg/package.bash'
[3.771s] INFO:colcon.colcon_core.shell:Creating package script '/home/mohamed-kassem/vector_v1_vslam/ros2_ws/install/vslam_pkg/share/vslam_pkg/package.zsh'
[3.771s] Level 1:colcon.colcon_core.environment:create_file_with_runtime_dependencies(/home/mohamed-kassem/vector_v1_vslam/ros2_ws/install/vslam_pkg/share/colcon-core/packages/vslam_pkg)
[3.789s] Level 1:colcon.colcon_core.environment:checking '/home/mohamed-kassem/vector_v1_vslam/ros2_ws/install/rpi_controller_pkg' for CMake module files
[3.790s] DEBUG:colcon.colcon_core.event_handler.log_command:Invoked command in '/home/mohamed-kassem/vector_v1_vslam/ros2_ws/src/rpi_controller_pkg' returned '0': DEBUGINFOD_URLS=https://debuginfod.ubuntu.com PYTHONPATH=/home/mohamed-kassem/vector_v1_vslam/ros2_ws/build/rpi_controller_pkg/prefix_override:/usr/lib/python3/dist-packages/colcon_core/task/python/colcon_distutils_commands:/home/mohamed-kassem/vector_v1_vslam/ros2_ws/install/rpi_controller_pkg/lib/python3.12/site-packages:${PYTHONPATH} /usr/bin/python3 -W ignore:setup.py install is deprecated -W ignore:easy_install command is deprecated setup.py egg_info --egg-base ../../build/rpi_controller_pkg build --build-base /home/mohamed-kassem/vector_v1_vslam/ros2_ws/build/rpi_controller_pkg/build install --record /home/mohamed-kassem/vector_v1_vslam/ros2_ws/build/rpi_controller_pkg/install.log --single-version-externally-managed install_data
[3.791s] Level 1:colcon.colcon_core.environment:checking '/home/mohamed-kassem/vector_v1_vslam/ros2_ws/install/rpi_controller_pkg' for CMake config files
[3.792s] Level 1:colcon.colcon_core.environment:checking '/home/mohamed-kassem/vector_v1_vslam/ros2_ws/install/rpi_controller_pkg/lib'
[3.792s] Level 1:colcon.colcon_core.environment:checking '/home/mohamed-kassem/vector_v1_vslam/ros2_ws/install/rpi_controller_pkg/bin'
[3.793s] Level 1:colcon.colcon_core.environment:checking '/home/mohamed-kassem/vector_v1_vslam/ros2_ws/install/rpi_controller_pkg/lib/pkgconfig/rpi_controller_pkg.pc'
[3.793s] Level 1:colcon.colcon_core.environment:checking '/home/mohamed-kassem/vector_v1_vslam/ros2_ws/install/rpi_controller_pkg/lib/python3.12/site-packages'
[3.794s] Level 1:colcon.colcon_core.shell:create_environment_hook('rpi_controller_pkg', 'pythonpath')
[3.794s] INFO:colcon.colcon_core.shell:Creating environment hook '/home/mohamed-kassem/vector_v1_vslam/ros2_ws/install/rpi_controller_pkg/share/rpi_controller_pkg/hook/pythonpath.ps1'
[3.795s] INFO:colcon.colcon_core.shell:Creating environment descriptor '/home/mohamed-kassem/vector_v1_vslam/ros2_ws/install/rpi_controller_pkg/share/rpi_controller_pkg/hook/pythonpath.dsv'
[3.796s] INFO:colcon.colcon_core.shell:Creating environment hook '/home/mohamed-kassem/vector_v1_vslam/ros2_ws/install/rpi_controller_pkg/share/rpi_controller_pkg/hook/pythonpath.sh'
[3.797s] Level 1:colcon.colcon_core.environment:checking '/home/mohamed-kassem/vector_v1_vslam/ros2_ws/install/rpi_controller_pkg/bin'
[3.798s] Level 1:colcon.colcon_core.environment:create_environment_scripts_only(rpi_controller_pkg)
[3.798s] INFO:colcon.colcon_core.shell:Creating package script '/home/mohamed-kassem/vector_v1_vslam/ros2_ws/install/rpi_controller_pkg/share/rpi_controller_pkg/package.ps1'
[3.799s] INFO:colcon.colcon_core.shell:Creating package descriptor '/home/mohamed-kassem/vector_v1_vslam/ros2_ws/install/rpi_controller_pkg/share/rpi_controller_pkg/package.dsv'
[3.800s] INFO:colcon.colcon_core.shell:Creating package script '/home/mohamed-kassem/vector_v1_vslam/ros2_ws/install/rpi_controller_pkg/share/rpi_controller_pkg/package.sh'
[3.801s] INFO:colcon.colcon_core.shell:Creating package script '/home/mohamed-kassem/vector_v1_vslam/ros2_ws/install/rpi_controller_pkg/share/rpi_controller_pkg/package.bash'
[3.802s] INFO:colcon.colcon_core.shell:Creating package script '/home/mohamed-kassem/vector_v1_vslam/ros2_ws/install/rpi_controller_pkg/share/rpi_controller_pkg/package.zsh'
[3.803s] Level 1:colcon.colcon_core.environment:create_file_with_runtime_dependencies(/home/mohamed-kassem/vector_v1_vslam/ros2_ws/install/rpi_controller_pkg/share/colcon-core/packages/rpi_controller_pkg)
[3.804s] DEBUG:colcon.colcon_parallel_executor.executor.parallel:closing loop
[3.805s] DEBUG:colcon.colcon_parallel_executor.executor.parallel:loop closed
[3.805s] DEBUG:colcon.colcon_parallel_executor.executor.parallel:run_until_complete finished with '0'
[3.805s] DEBUG:colcon.colcon_core.event_reactor:joining thread
[3.829s] INFO:colcon.colcon_core.plugin_system:Skipping extension 'colcon_notification.desktop_notification.terminal_notifier': Not used on non-Darwin systems
[3.829s] INFO:colcon.colcon_core.plugin_system:Skipping extension 'colcon_notification.desktop_notification.win32': Not used on non-Windows systems
[3.829s] INFO:colcon.colcon_notification.desktop_notification:Sending desktop notification using 'notify2'
[3.874s] DEBUG:colcon.colcon_core.event_reactor:joined thread
[3.875s] INFO:colcon.colcon_core.shell:Creating prefix script '/home/mohamed-kassem/vector_v1_vslam/ros2_ws/install/local_setup.ps1'
[3.877s] INFO:colcon.colcon_core.shell:Creating prefix util module '/home/mohamed-kassem/vector_v1_vslam/ros2_ws/install/_local_setup_util_ps1.py'
[3.880s] INFO:colcon.colcon_core.shell:Creating prefix chain script '/home/mohamed-kassem/vector_v1_vslam/ros2_ws/install/setup.ps1'
[3.883s] INFO:colcon.colcon_core.shell:Creating prefix script '/home/mohamed-kassem/vector_v1_vslam/ros2_ws/install/local_setup.sh'
[3.885s] INFO:colcon.colcon_core.shell:Creating prefix util module '/home/mohamed-kassem/vector_v1_vslam/ros2_ws/install/_local_setup_util_sh.py'
[3.886s] INFO:colcon.colcon_core.shell:Creating prefix chain script '/home/mohamed-kassem/vector_v1_vslam/ros2_ws/install/setup.sh'
[3.890s] INFO:colcon.colcon_core.shell:Creating prefix script '/home/mohamed-kassem/vector_v1_vslam/ros2_ws/install/local_setup.bash'
[3.891s] INFO:colcon.colcon_core.shell:Creating prefix chain script '/home/mohamed-kassem/vector_v1_vslam/ros2_ws/install/setup.bash'
[3.895s] INFO:colcon.colcon_core.shell:Creating prefix script '/home/mohamed-kassem/vector_v1_vslam/ros2_ws/install/local_setup.zsh'
[3.897s] INFO:colcon.colcon_core.shell:Creating prefix chain script '/home/mohamed-kassem/vector_v1_vslam/ros2_ws/install/setup.zsh'
