[0.123s] DEBUG:colcon:Command line arguments: ['/usr/bin/colcon', 'build']
[0.123s] DEBUG:colcon:Parsed command line arguments: Namespace(log_base=None, log_level=None, verb_name='build', build_base='build', install_base='install', merge_install=False, symlink_install=False, test_result_base=None, continue_on_error=False, executor='parallel', parallel_workers=16, event_handlers=None, ignore_user_meta=False, metas=['./colcon.meta'], base_paths=['.'], packages_ignore=None, packages_ignore_regex=None, paths=None, packages_up_to=None, packages_up_to_regex=None, packages_above=None, packages_above_and_dependencies=None, packages_above_depth=None, packages_select_by_dep=None, packages_skip_by_dep=None, packages_skip_up_to=None, packages_select_build_failed=False, packages_skip_build_finished=False, packages_select_test_failures=False, packages_skip_test_passed=False, packages_select=None, packages_skip=None, packages_select_regex=None, packages_skip_regex=None, packages_start=None, packages_end=None, allow_overriding=[], cmake_args=None, cmake_target=None, cmake_target_skip_unavailable=False, cmake_clean_cache=False, cmake_clean_first=False, cmake_force_configure=False, ament_cmake_args=None, catkin_cmake_args=None, catkin_skip_building_tests=False, mixin_files=None, mixin=None, verb_parser=<colcon_mixin.mixin.mixin_argument.MixinArgumentDecorator object at 0x768220ca6360>, verb_extension=<colcon_core.verb.build.BuildVerb object at 0x768220ca60f0>, main=<bound method BuildVerb.main of <colcon_core.verb.build.BuildVerb object at 0x768220ca60f0>>, mixin_verb=('build',))
[0.162s] Level 1:colcon.colcon_core.package_discovery:discover_packages(colcon_meta) check parameters
[0.162s] Level 1:colcon.colcon_core.package_discovery:discover_packages(recursive) check parameters
[0.162s] Level 1:colcon.colcon_core.package_discovery:discover_packages(ignore) check parameters
[0.162s] Level 1:colcon.colcon_core.package_discovery:discover_packages(path) check parameters
[0.163s] Level 1:colcon.colcon_core.package_discovery:discover_packages(colcon_meta) discover
[0.163s] Level 1:colcon.colcon_core.package_discovery:discover_packages(recursive) discover
[0.163s] INFO:colcon.colcon_core.package_discovery:Crawling recursively for packages in '/home/mohammed-sameh/hatem_version/ros2_ws'
[0.163s] Level 1:colcon.colcon_core.package_identification:_identify(.) by extensions ['ignore', 'ignore_ament_install']
[0.163s] Level 1:colcon.colcon_core.package_identification:_identify(.) by extension 'ignore'
[0.163s] Level 1:colcon.colcon_core.package_identification:_identify(.) by extension 'ignore_ament_install'
[0.163s] Level 1:colcon.colcon_core.package_identification:_identify(.) by extensions ['colcon_pkg']
[0.163s] Level 1:colcon.colcon_core.package_identification:_identify(.) by extension 'colcon_pkg'
[0.163s] Level 1:colcon.colcon_core.package_identification:_identify(.) by extensions ['colcon_meta']
[0.163s] Level 1:colcon.colcon_core.package_identification:_identify(.) by extension 'colcon_meta'
[0.163s] Level 1:colcon.colcon_core.package_identification:_identify(.) by extensions ['ros']
[0.163s] Level 1:colcon.colcon_core.package_identification:_identify(.) by extension 'ros'
[0.198s] Level 1:colcon.colcon_core.package_identification:_identify(.) by extensions ['cmake', 'python']
[0.198s] Level 1:colcon.colcon_core.package_identification:_identify(.) by extension 'cmake'
[0.198s] Level 1:colcon.colcon_core.package_identification:_identify(.) by extension 'python'
[0.198s] Level 1:colcon.colcon_core.package_identification:_identify(.) by extensions ['python_setup_py']
[0.198s] Level 1:colcon.colcon_core.package_identification:_identify(.) by extension 'python_setup_py'
[0.198s] Level 1:colcon.colcon_core.package_identification:_identify(build) by extensions ['ignore', 'ignore_ament_install']
[0.198s] Level 1:colcon.colcon_core.package_identification:_identify(build) by extension 'ignore'
[0.198s] Level 1:colcon.colcon_core.package_identification:_identify(build) ignored
[0.198s] Level 1:colcon.colcon_core.package_identification:_identify(install) by extensions ['ignore', 'ignore_ament_install']
[0.198s] Level 1:colcon.colcon_core.package_identification:_identify(install) by extension 'ignore'
[0.198s] Level 1:colcon.colcon_core.package_identification:_identify(install) ignored
[0.199s] Level 1:colcon.colcon_core.package_identification:_identify(log) by extensions ['ignore', 'ignore_ament_install']
[0.199s] Level 1:colcon.colcon_core.package_identification:_identify(log) by extension 'ignore'
[0.199s] Level 1:colcon.colcon_core.package_identification:_identify(log) ignored
[0.199s] Level 1:colcon.colcon_core.package_identification:_identify(src) by extensions ['ignore', 'ignore_ament_install']
[0.199s] Level 1:colcon.colcon_core.package_identification:_identify(src) by extension 'ignore'
[0.199s] Level 1:colcon.colcon_core.package_identification:_identify(src) by extension 'ignore_ament_install'
[0.199s] Level 1:colcon.colcon_core.package_identification:_identify(src) by extensions ['colcon_pkg']
[0.199s] Level 1:colcon.colcon_core.package_identification:_identify(src) by extension 'colcon_pkg'
[0.199s] Level 1:colcon.colcon_core.package_identification:_identify(src) by extensions ['colcon_meta']
[0.199s] Level 1:colcon.colcon_core.package_identification:_identify(src) by extension 'colcon_meta'
[0.199s] Level 1:colcon.colcon_core.package_identification:_identify(src) by extensions ['ros']
[0.199s] Level 1:colcon.colcon_core.package_identification:_identify(src) by extension 'ros'
[0.199s] Level 1:colcon.colcon_core.package_identification:_identify(src) by extensions ['cmake', 'python']
[0.199s] Level 1:colcon.colcon_core.package_identification:_identify(src) by extension 'cmake'
[0.199s] Level 1:colcon.colcon_core.package_identification:_identify(src) by extension 'python'
[0.199s] Level 1:colcon.colcon_core.package_identification:_identify(src) by extensions ['python_setup_py']
[0.199s] Level 1:colcon.colcon_core.package_identification:_identify(src) by extension 'python_setup_py'
[0.199s] Level 1:colcon.colcon_core.package_identification:_identify(src/arduino_pkg) by extensions ['ignore', 'ignore_ament_install']
[0.199s] Level 1:colcon.colcon_core.package_identification:_identify(src/arduino_pkg) by extension 'ignore'
[0.199s] Level 1:colcon.colcon_core.package_identification:_identify(src/arduino_pkg) by extension 'ignore_ament_install'
[0.200s] Level 1:colcon.colcon_core.package_identification:_identify(src/arduino_pkg) by extensions ['colcon_pkg']
[0.200s] Level 1:colcon.colcon_core.package_identification:_identify(src/arduino_pkg) by extension 'colcon_pkg'
[0.200s] Level 1:colcon.colcon_core.package_identification:_identify(src/arduino_pkg) by extensions ['colcon_meta']
[0.200s] Level 1:colcon.colcon_core.package_identification:_identify(src/arduino_pkg) by extension 'colcon_meta'
[0.200s] Level 1:colcon.colcon_core.package_identification:_identify(src/arduino_pkg) by extensions ['ros']
[0.200s] Level 1:colcon.colcon_core.package_identification:_identify(src/arduino_pkg) by extension 'ros'
[0.203s] DEBUG:colcon.colcon_core.package_identification:Found ROS schema reference in package manifest in 'src/arduino_pkg'
[0.203s] WARNING:colcon.colcon_core.package_identification:Failed to parse ROS package manifest in 'src/arduino_pkg': Error(s) in package 'src/arduino_pkg/package.xml':
Invalid email "=" for person "mohammed-sameh"
[0.203s] Level 1:colcon.colcon_core.package_identification:_identify(src/arduino_pkg) by extensions ['cmake', 'python']
[0.203s] Level 1:colcon.colcon_core.package_identification:_identify(src/arduino_pkg) by extension 'cmake'
[0.203s] Level 1:colcon.colcon_core.package_identification:_identify(src/arduino_pkg) by extension 'python'
[0.203s] DEBUG:colcon.colcon_core.package_identification:Python package in 'src/arduino_pkg' passes arguments to the setup() function which requires a different identification extension than 'python'
[0.204s] Level 1:colcon.colcon_core.package_identification:_identify(src/arduino_pkg) by extensions ['python_setup_py']
[0.204s] Level 1:colcon.colcon_core.package_identification:_identify(src/arduino_pkg) by extension 'python_setup_py'
[0.444s] DEBUG:colcon.colcon_core.package_identification:Package 'src/arduino_pkg' with type 'python' and name 'arduino_pkg'
[0.444s] Level 1:colcon.colcon_core.package_identification:_identify(src/log) by extensions ['ignore', 'ignore_ament_install']
[0.445s] Level 1:colcon.colcon_core.package_identification:_identify(src/log) by extension 'ignore'
[0.445s] Level 1:colcon.colcon_core.package_identification:_identify(src/log) ignored
[0.445s] Level 1:colcon.colcon_core.package_identification:_identify(src/rpi_controller_pkg) by extensions ['ignore', 'ignore_ament_install']
[0.445s] Level 1:colcon.colcon_core.package_identification:_identify(src/rpi_controller_pkg) by extension 'ignore'
[0.445s] Level 1:colcon.colcon_core.package_identification:_identify(src/rpi_controller_pkg) by extension 'ignore_ament_install'
[0.445s] Level 1:colcon.colcon_core.package_identification:_identify(src/rpi_controller_pkg) by extensions ['colcon_pkg']
[0.445s] Level 1:colcon.colcon_core.package_identification:_identify(src/rpi_controller_pkg) by extension 'colcon_pkg'
[0.445s] Level 1:colcon.colcon_core.package_identification:_identify(src/rpi_controller_pkg) by extensions ['colcon_meta']
[0.445s] Level 1:colcon.colcon_core.package_identification:_identify(src/rpi_controller_pkg) by extension 'colcon_meta'
[0.446s] Level 1:colcon.colcon_core.package_identification:_identify(src/rpi_controller_pkg) by extensions ['ros']
[0.446s] Level 1:colcon.colcon_core.package_identification:_identify(src/rpi_controller_pkg) by extension 'ros'
[0.447s] DEBUG:colcon.colcon_core.package_identification:Package 'src/rpi_controller_pkg' with type 'ros.ament_python' and name 'rpi_controller_pkg'
[0.447s] Level 1:colcon.colcon_core.package_identification:_identify(src/vslam_pkg) by extensions ['ignore', 'ignore_ament_install']
[0.447s] Level 1:colcon.colcon_core.package_identification:_identify(src/vslam_pkg) by extension 'ignore'
[0.447s] Level 1:colcon.colcon_core.package_identification:_identify(src/vslam_pkg) by extension 'ignore_ament_install'
[0.447s] Level 1:colcon.colcon_core.package_identification:_identify(src/vslam_pkg) by extensions ['colcon_pkg']
[0.447s] Level 1:colcon.colcon_core.package_identification:_identify(src/vslam_pkg) by extension 'colcon_pkg'
[0.447s] Level 1:colcon.colcon_core.package_identification:_identify(src/vslam_pkg) by extensions ['colcon_meta']
[0.447s] Level 1:colcon.colcon_core.package_identification:_identify(src/vslam_pkg) by extension 'colcon_meta'
[0.447s] Level 1:colcon.colcon_core.package_identification:_identify(src/vslam_pkg) by extensions ['ros']
[0.447s] Level 1:colcon.colcon_core.package_identification:_identify(src/vslam_pkg) by extension 'ros'
[0.450s] DEBUG:colcon.colcon_core.package_identification:Package 'src/vslam_pkg' with type 'ros.ament_python' and name 'vslam_pkg'
[0.450s] Level 1:colcon.colcon_core.package_discovery:discover_packages(recursive) using defaults
[0.450s] Level 1:colcon.colcon_core.package_discovery:discover_packages(ignore) discover
[0.450s] Level 1:colcon.colcon_core.package_discovery:discover_packages(ignore) using defaults
[0.450s] Level 1:colcon.colcon_core.package_discovery:discover_packages(path) discover
[0.450s] Level 1:colcon.colcon_core.package_discovery:discover_packages(path) using defaults
[0.476s] Level 1:colcon.colcon_core.package_discovery:discover_packages(prefix_path) check parameters
[0.476s] Level 1:colcon.colcon_core.package_discovery:discover_packages(prefix_path) discover
[0.480s] DEBUG:colcon.colcon_installed_package_information.package_discovery:Found 2 installed packages in /home/mohammed-sameh/amr_ws/install
[0.481s] DEBUG:colcon.colcon_installed_package_information.package_discovery:Found 4 installed packages in /home/mohammed-sameh/mobile_robot/install
[0.481s] DEBUG:colcon.colcon_installed_package_information.package_discovery:Found 2 installed packages in /home/mohammed-sameh/final_project/install
[0.481s] DEBUG:colcon.colcon_installed_package_information.package_discovery:Found 3 installed packages in /home/mohammed-sameh/ros2_ws2/install
[0.482s] DEBUG:colcon.colcon_installed_package_information.package_discovery:Found 2 installed packages in /home/mohammed-sameh/ros2_ws/install
[0.483s] DEBUG:colcon.colcon_installed_package_information.package_discovery:Found 385 installed packages in /opt/ros/jazzy
[0.485s] Level 1:colcon.colcon_core.package_discovery:discover_packages(prefix_path) using defaults
[0.533s] Level 5:colcon.colcon_core.verb:set package 'arduino_pkg' build argument 'cmake_args' from command line to 'None'
[0.533s] Level 5:colcon.colcon_core.verb:set package 'arduino_pkg' build argument 'cmake_target' from command line to 'None'
[0.533s] Level 5:colcon.colcon_core.verb:set package 'arduino_pkg' build argument 'cmake_target_skip_unavailable' from command line to 'False'
[0.533s] Level 5:colcon.colcon_core.verb:set package 'arduino_pkg' build argument 'cmake_clean_cache' from command line to 'False'
[0.533s] Level 5:colcon.colcon_core.verb:set package 'arduino_pkg' build argument 'cmake_clean_first' from command line to 'False'
[0.533s] Level 5:colcon.colcon_core.verb:set package 'arduino_pkg' build argument 'cmake_force_configure' from command line to 'False'
[0.534s] Level 5:colcon.colcon_core.verb:set package 'arduino_pkg' build argument 'ament_cmake_args' from command line to 'None'
[0.534s] Level 5:colcon.colcon_core.verb:set package 'arduino_pkg' build argument 'catkin_cmake_args' from command line to 'None'
[0.534s] Level 5:colcon.colcon_core.verb:set package 'arduino_pkg' build argument 'catkin_skip_building_tests' from command line to 'False'
[0.534s] DEBUG:colcon.colcon_core.verb:Building package 'arduino_pkg' with the following arguments: {'ament_cmake_args': None, 'build_base': '/home/mohammed-sameh/hatem_version/ros2_ws/build/arduino_pkg', 'catkin_cmake_args': None, 'catkin_skip_building_tests': False, 'cmake_args': None, 'cmake_clean_cache': False, 'cmake_clean_first': False, 'cmake_force_configure': False, 'cmake_target': None, 'cmake_target_skip_unavailable': False, 'install_base': '/home/mohammed-sameh/hatem_version/ros2_ws/install/arduino_pkg', 'merge_install': False, 'path': '/home/mohammed-sameh/hatem_version/ros2_ws/src/arduino_pkg', 'symlink_install': False, 'test_result_base': None}
[0.534s] Level 5:colcon.colcon_core.verb:set package 'rpi_controller_pkg' build argument 'cmake_args' from command line to 'None'
[0.534s] Level 5:colcon.colcon_core.verb:set package 'rpi_controller_pkg' build argument 'cmake_target' from command line to 'None'
[0.534s] Level 5:colcon.colcon_core.verb:set package 'rpi_controller_pkg' build argument 'cmake_target_skip_unavailable' from command line to 'False'
[0.534s] Level 5:colcon.colcon_core.verb:set package 'rpi_controller_pkg' build argument 'cmake_clean_cache' from command line to 'False'
[0.534s] Level 5:colcon.colcon_core.verb:set package 'rpi_controller_pkg' build argument 'cmake_clean_first' from command line to 'False'
[0.534s] Level 5:colcon.colcon_core.verb:set package 'rpi_controller_pkg' build argument 'cmake_force_configure' from command line to 'False'
[0.534s] Level 5:colcon.colcon_core.verb:set package 'rpi_controller_pkg' build argument 'ament_cmake_args' from command line to 'None'
[0.534s] Level 5:colcon.colcon_core.verb:set package 'rpi_controller_pkg' build argument 'catkin_cmake_args' from command line to 'None'
[0.534s] Level 5:colcon.colcon_core.verb:set package 'rpi_controller_pkg' build argument 'catkin_skip_building_tests' from command line to 'False'
[0.534s] DEBUG:colcon.colcon_core.verb:Building package 'rpi_controller_pkg' with the following arguments: {'ament_cmake_args': None, 'build_base': '/home/mohammed-sameh/hatem_version/ros2_ws/build/rpi_controller_pkg', 'catkin_cmake_args': None, 'catkin_skip_building_tests': False, 'cmake_args': None, 'cmake_clean_cache': False, 'cmake_clean_first': False, 'cmake_force_configure': False, 'cmake_target': None, 'cmake_target_skip_unavailable': False, 'install_base': '/home/mohammed-sameh/hatem_version/ros2_ws/install/rpi_controller_pkg', 'merge_install': False, 'path': '/home/mohammed-sameh/hatem_version/ros2_ws/src/rpi_controller_pkg', 'symlink_install': False, 'test_result_base': None}
[0.534s] Level 5:colcon.colcon_core.verb:set package 'vslam_pkg' build argument 'cmake_args' from command line to 'None'
[0.534s] Level 5:colcon.colcon_core.verb:set package 'vslam_pkg' build argument 'cmake_target' from command line to 'None'
[0.534s] Level 5:colcon.colcon_core.verb:set package 'vslam_pkg' build argument 'cmake_target_skip_unavailable' from command line to 'False'
[0.534s] Level 5:colcon.colcon_core.verb:set package 'vslam_pkg' build argument 'cmake_clean_cache' from command line to 'False'
[0.534s] Level 5:colcon.colcon_core.verb:set package 'vslam_pkg' build argument 'cmake_clean_first' from command line to 'False'
[0.534s] Level 5:colcon.colcon_core.verb:set package 'vslam_pkg' build argument 'cmake_force_configure' from command line to 'False'
[0.534s] Level 5:colcon.colcon_core.verb:set package 'vslam_pkg' build argument 'ament_cmake_args' from command line to 'None'
[0.534s] Level 5:colcon.colcon_core.verb:set package 'vslam_pkg' build argument 'catkin_cmake_args' from command line to 'None'
[0.534s] Level 5:colcon.colcon_core.verb:set package 'vslam_pkg' build argument 'catkin_skip_building_tests' from command line to 'False'
[0.534s] DEBUG:colcon.colcon_core.verb:Building package 'vslam_pkg' with the following arguments: {'ament_cmake_args': None, 'build_base': '/home/mohammed-sameh/hatem_version/ros2_ws/build/vslam_pkg', 'catkin_cmake_args': None, 'catkin_skip_building_tests': False, 'cmake_args': None, 'cmake_clean_cache': False, 'cmake_clean_first': False, 'cmake_force_configure': False, 'cmake_target': None, 'cmake_target_skip_unavailable': False, 'install_base': '/home/mohammed-sameh/hatem_version/ros2_ws/install/vslam_pkg', 'merge_install': False, 'path': '/home/mohammed-sameh/hatem_version/ros2_ws/src/vslam_pkg', 'symlink_install': False, 'test_result_base': None}
[0.534s] INFO:colcon.colcon_core.executor:Executing jobs using 'parallel' executor
[0.536s] DEBUG:colcon.colcon_parallel_executor.executor.parallel:run_until_complete
[0.536s] INFO:colcon.colcon_core.task.python.build:Building Python package in '/home/mohammed-sameh/hatem_version/ros2_ws/src/arduino_pkg'
[0.539s] INFO:colcon.colcon_core.plugin_system:Skipping extension 'colcon_core.shell.bat': Not used on non-Windows systems
[0.540s] INFO:colcon.colcon_core.shell:Skip shell extension 'powershell' for command environment: Not usable outside of PowerShell
[0.540s] DEBUG:colcon.colcon_core.shell:Skip shell extension 'dsv' for command environment
[0.545s] INFO:colcon.colcon_ros.task.ament_python.build:Building ROS package in '/home/mohammed-sameh/hatem_version/ros2_ws/src/rpi_controller_pkg' with build type 'ament_python'
[0.545s] Level 1:colcon.colcon_core.shell:create_environment_hook('rpi_controller_pkg', 'ament_prefix_path')
[0.545s] INFO:colcon.colcon_core.shell:Creating environment hook '/home/mohammed-sameh/hatem_version/ros2_ws/install/rpi_controller_pkg/share/rpi_controller_pkg/hook/ament_prefix_path.ps1'
[0.546s] INFO:colcon.colcon_core.shell:Creating environment descriptor '/home/mohammed-sameh/hatem_version/ros2_ws/install/rpi_controller_pkg/share/rpi_controller_pkg/hook/ament_prefix_path.dsv'
[0.546s] INFO:colcon.colcon_core.shell:Creating environment hook '/home/mohammed-sameh/hatem_version/ros2_ws/install/rpi_controller_pkg/share/rpi_controller_pkg/hook/ament_prefix_path.sh'
[0.547s] INFO:colcon.colcon_core.shell:Skip shell extension 'powershell' for command environment: Not usable outside of PowerShell
[0.547s] DEBUG:colcon.colcon_core.shell:Skip shell extension 'dsv' for command environment
[0.551s] INFO:colcon.colcon_ros.task.ament_python.build:Building ROS package in '/home/mohammed-sameh/hatem_version/ros2_ws/src/vslam_pkg' with build type 'ament_python'
[0.551s] Level 1:colcon.colcon_core.shell:create_environment_hook('vslam_pkg', 'ament_prefix_path')
[0.551s] INFO:colcon.colcon_core.shell:Creating environment hook '/home/mohammed-sameh/hatem_version/ros2_ws/install/vslam_pkg/share/vslam_pkg/hook/ament_prefix_path.ps1'
[0.552s] INFO:colcon.colcon_core.shell:Creating environment descriptor '/home/mohammed-sameh/hatem_version/ros2_ws/install/vslam_pkg/share/vslam_pkg/hook/ament_prefix_path.dsv'
[0.552s] INFO:colcon.colcon_core.shell:Creating environment hook '/home/mohammed-sameh/hatem_version/ros2_ws/install/vslam_pkg/share/vslam_pkg/hook/ament_prefix_path.sh'
[0.553s] INFO:colcon.colcon_core.shell:Skip shell extension 'powershell' for command environment: Not usable outside of PowerShell
[0.553s] DEBUG:colcon.colcon_core.shell:Skip shell extension 'dsv' for command environment
[1.051s] INFO:colcon.colcon_core.task.python.build:Building Python package in '/home/mohammed-sameh/hatem_version/ros2_ws/src/rpi_controller_pkg'
[1.051s] INFO:colcon.colcon_core.shell:Skip shell extension 'powershell' for command environment: Not usable outside of PowerShell
[1.051s] DEBUG:colcon.colcon_core.shell:Skip shell extension 'dsv' for command environment
[1.300s] INFO:colcon.colcon_core.task.python.build:Building Python package in '/home/mohammed-sameh/hatem_version/ros2_ws/src/vslam_pkg'
[1.301s] INFO:colcon.colcon_core.shell:Skip shell extension 'powershell' for command environment: Not usable outside of PowerShell
[1.301s] DEBUG:colcon.colcon_core.shell:Skip shell extension 'dsv' for command environment
[1.506s] DEBUG:colcon.colcon_core.event_handler.log_command:Invoking command in '/home/mohammed-sameh/hatem_version/ros2_ws/src/arduino_pkg': DEBUGINFOD_URLS=https://debuginfod.ubuntu.com PYTHONPATH=/home/mohammed-sameh/hatem_version/ros2_ws/build/arduino_pkg/prefix_override:/usr/lib/python3/dist-packages/colcon_core/task/python/colcon_distutils_commands:/home/mohammed-sameh/hatem_version/ros2_ws/install/arduino_pkg/lib/python3.12/site-packages:${PYTHONPATH} /usr/bin/python3 -W ignore:setup.py install is deprecated -W ignore:easy_install command is deprecated setup.py egg_info --egg-base ../../build/arduino_pkg build --build-base /home/mohammed-sameh/hatem_version/ros2_ws/build/arduino_pkg/build install --record /home/mohammed-sameh/hatem_version/ros2_ws/build/arduino_pkg/install.log --single-version-externally-managed install_data
[1.918s] DEBUG:colcon.colcon_core.event_handler.log_command:Invoking command in '/home/mohammed-sameh/hatem_version/ros2_ws/src/vslam_pkg': DEBUGINFOD_URLS=https://debuginfod.ubuntu.com PYTHONPATH=/home/mohammed-sameh/hatem_version/ros2_ws/build/vslam_pkg/prefix_override:/usr/lib/python3/dist-packages/colcon_core/task/python/colcon_distutils_commands:/home/mohammed-sameh/hatem_version/ros2_ws/install/vslam_pkg/lib/python3.12/site-packages:${PYTHONPATH} /usr/bin/python3 -W ignore:setup.py install is deprecated -W ignore:easy_install command is deprecated setup.py egg_info --egg-base ../../build/vslam_pkg build --build-base /home/mohammed-sameh/hatem_version/ros2_ws/build/vslam_pkg/build install --record /home/mohammed-sameh/hatem_version/ros2_ws/build/vslam_pkg/install.log --single-version-externally-managed install_data
[1.923s] DEBUG:colcon.colcon_core.event_handler.log_command:Invoking command in '/home/mohammed-sameh/hatem_version/ros2_ws/src/rpi_controller_pkg': DEBUGINFOD_URLS=https://debuginfod.ubuntu.com PYTHONPATH=/home/mohammed-sameh/hatem_version/ros2_ws/build/rpi_controller_pkg/prefix_override:/usr/lib/python3/dist-packages/colcon_core/task/python/colcon_distutils_commands:/home/mohammed-sameh/hatem_version/ros2_ws/install/rpi_controller_pkg/lib/python3.12/site-packages:${PYTHONPATH} /usr/bin/python3 -W ignore:setup.py install is deprecated -W ignore:easy_install command is deprecated setup.py egg_info --egg-base ../../build/rpi_controller_pkg build --build-base /home/mohammed-sameh/hatem_version/ros2_ws/build/rpi_controller_pkg/build install --record /home/mohammed-sameh/hatem_version/ros2_ws/build/rpi_controller_pkg/install.log --single-version-externally-managed install_data
[2.057s] DEBUG:colcon.colcon_core.event_handler.log_command:Invoked command in '/home/mohammed-sameh/hatem_version/ros2_ws/src/arduino_pkg' returned '0': DEBUGINFOD_URLS=https://debuginfod.ubuntu.com PYTHONPATH=/home/mohammed-sameh/hatem_version/ros2_ws/build/arduino_pkg/prefix_override:/usr/lib/python3/dist-packages/colcon_core/task/python/colcon_distutils_commands:/home/mohammed-sameh/hatem_version/ros2_ws/install/arduino_pkg/lib/python3.12/site-packages:${PYTHONPATH} /usr/bin/python3 -W ignore:setup.py install is deprecated -W ignore:easy_install command is deprecated setup.py egg_info --egg-base ../../build/arduino_pkg build --build-base /home/mohammed-sameh/hatem_version/ros2_ws/build/arduino_pkg/build install --record /home/mohammed-sameh/hatem_version/ros2_ws/build/arduino_pkg/install.log --single-version-externally-managed install_data
[2.063s] Level 1:colcon.colcon_core.environment:checking '/home/mohammed-sameh/hatem_version/ros2_ws/install/arduino_pkg' for CMake module files
[2.063s] Level 1:colcon.colcon_core.environment:checking '/home/mohammed-sameh/hatem_version/ros2_ws/install/arduino_pkg' for CMake config files
[2.064s] Level 1:colcon.colcon_core.environment:checking '/home/mohammed-sameh/hatem_version/ros2_ws/install/arduino_pkg/lib'
[2.064s] Level 1:colcon.colcon_core.environment:checking '/home/mohammed-sameh/hatem_version/ros2_ws/install/arduino_pkg/bin'
[2.064s] Level 1:colcon.colcon_core.environment:checking '/home/mohammed-sameh/hatem_version/ros2_ws/install/arduino_pkg/lib/pkgconfig/arduino_pkg.pc'
[2.065s] Level 1:colcon.colcon_core.environment:checking '/home/mohammed-sameh/hatem_version/ros2_ws/install/arduino_pkg/lib/python3.12/site-packages'
[2.065s] Level 1:colcon.colcon_core.shell:create_environment_hook('arduino_pkg', 'pythonpath')
[2.065s] INFO:colcon.colcon_core.shell:Creating environment hook '/home/mohammed-sameh/hatem_version/ros2_ws/install/arduino_pkg/share/arduino_pkg/hook/pythonpath.ps1'
[2.066s] INFO:colcon.colcon_core.shell:Creating environment descriptor '/home/mohammed-sameh/hatem_version/ros2_ws/install/arduino_pkg/share/arduino_pkg/hook/pythonpath.dsv'
[2.066s] INFO:colcon.colcon_core.shell:Creating environment hook '/home/mohammed-sameh/hatem_version/ros2_ws/install/arduino_pkg/share/arduino_pkg/hook/pythonpath.sh'
[2.067s] Level 1:colcon.colcon_core.environment:checking '/home/mohammed-sameh/hatem_version/ros2_ws/install/arduino_pkg/bin'
[2.067s] Level 1:colcon.colcon_core.environment:create_environment_scripts_only(arduino_pkg)
[2.068s] INFO:colcon.colcon_core.shell:Creating package script '/home/mohammed-sameh/hatem_version/ros2_ws/install/arduino_pkg/share/arduino_pkg/package.ps1'
[2.069s] INFO:colcon.colcon_core.shell:Creating package descriptor '/home/mohammed-sameh/hatem_version/ros2_ws/install/arduino_pkg/share/arduino_pkg/package.dsv'
[2.069s] INFO:colcon.colcon_core.shell:Creating package script '/home/mohammed-sameh/hatem_version/ros2_ws/install/arduino_pkg/share/arduino_pkg/package.sh'
[2.070s] INFO:colcon.colcon_core.shell:Creating package script '/home/mohammed-sameh/hatem_version/ros2_ws/install/arduino_pkg/share/arduino_pkg/package.bash'
[2.072s] INFO:colcon.colcon_core.shell:Creating package script '/home/mohammed-sameh/hatem_version/ros2_ws/install/arduino_pkg/share/arduino_pkg/package.zsh'
[2.072s] Level 1:colcon.colcon_core.environment:create_file_with_runtime_dependencies(/home/mohammed-sameh/hatem_version/ros2_ws/install/arduino_pkg/share/colcon-core/packages/arduino_pkg)
[2.418s] Level 1:colcon.colcon_core.environment:checking '/home/mohammed-sameh/hatem_version/ros2_ws/install/rpi_controller_pkg' for CMake module files
[2.419s] DEBUG:colcon.colcon_core.event_handler.log_command:Invoked command in '/home/mohammed-sameh/hatem_version/ros2_ws/src/rpi_controller_pkg' returned '0': DEBUGINFOD_URLS=https://debuginfod.ubuntu.com PYTHONPATH=/home/mohammed-sameh/hatem_version/ros2_ws/build/rpi_controller_pkg/prefix_override:/usr/lib/python3/dist-packages/colcon_core/task/python/colcon_distutils_commands:/home/mohammed-sameh/hatem_version/ros2_ws/install/rpi_controller_pkg/lib/python3.12/site-packages:${PYTHONPATH} /usr/bin/python3 -W ignore:setup.py install is deprecated -W ignore:easy_install command is deprecated setup.py egg_info --egg-base ../../build/rpi_controller_pkg build --build-base /home/mohammed-sameh/hatem_version/ros2_ws/build/rpi_controller_pkg/build install --record /home/mohammed-sameh/hatem_version/ros2_ws/build/rpi_controller_pkg/install.log --single-version-externally-managed install_data
[2.420s] Level 1:colcon.colcon_core.environment:checking '/home/mohammed-sameh/hatem_version/ros2_ws/install/rpi_controller_pkg' for CMake config files
[2.421s] Level 1:colcon.colcon_core.environment:checking '/home/mohammed-sameh/hatem_version/ros2_ws/install/rpi_controller_pkg/lib'
[2.421s] Level 1:colcon.colcon_core.environment:checking '/home/mohammed-sameh/hatem_version/ros2_ws/install/rpi_controller_pkg/bin'
[2.421s] Level 1:colcon.colcon_core.environment:checking '/home/mohammed-sameh/hatem_version/ros2_ws/install/rpi_controller_pkg/lib/pkgconfig/rpi_controller_pkg.pc'
[2.422s] Level 1:colcon.colcon_core.environment:checking '/home/mohammed-sameh/hatem_version/ros2_ws/install/rpi_controller_pkg/lib/python3.12/site-packages'
[2.422s] Level 1:colcon.colcon_core.shell:create_environment_hook('rpi_controller_pkg', 'pythonpath')
[2.422s] INFO:colcon.colcon_core.shell:Creating environment hook '/home/mohammed-sameh/hatem_version/ros2_ws/install/rpi_controller_pkg/share/rpi_controller_pkg/hook/pythonpath.ps1'
[2.423s] INFO:colcon.colcon_core.shell:Creating environment descriptor '/home/mohammed-sameh/hatem_version/ros2_ws/install/rpi_controller_pkg/share/rpi_controller_pkg/hook/pythonpath.dsv'
[2.424s] INFO:colcon.colcon_core.shell:Creating environment hook '/home/mohammed-sameh/hatem_version/ros2_ws/install/rpi_controller_pkg/share/rpi_controller_pkg/hook/pythonpath.sh'
[2.425s] Level 1:colcon.colcon_core.environment:checking '/home/mohammed-sameh/hatem_version/ros2_ws/install/rpi_controller_pkg/bin'
[2.425s] Level 1:colcon.colcon_core.environment:create_environment_scripts_only(rpi_controller_pkg)
[2.425s] INFO:colcon.colcon_core.shell:Creating package script '/home/mohammed-sameh/hatem_version/ros2_ws/install/rpi_controller_pkg/share/rpi_controller_pkg/package.ps1'
[2.426s] INFO:colcon.colcon_core.shell:Creating package descriptor '/home/mohammed-sameh/hatem_version/ros2_ws/install/rpi_controller_pkg/share/rpi_controller_pkg/package.dsv'
[2.427s] INFO:colcon.colcon_core.shell:Creating package script '/home/mohammed-sameh/hatem_version/ros2_ws/install/rpi_controller_pkg/share/rpi_controller_pkg/package.sh'
[2.427s] INFO:colcon.colcon_core.shell:Creating package script '/home/mohammed-sameh/hatem_version/ros2_ws/install/rpi_controller_pkg/share/rpi_controller_pkg/package.bash'
[2.428s] INFO:colcon.colcon_core.shell:Creating package script '/home/mohammed-sameh/hatem_version/ros2_ws/install/rpi_controller_pkg/share/rpi_controller_pkg/package.zsh'
[2.428s] Level 1:colcon.colcon_core.environment:create_file_with_runtime_dependencies(/home/mohammed-sameh/hatem_version/ros2_ws/install/rpi_controller_pkg/share/colcon-core/packages/rpi_controller_pkg)
[2.463s] Level 1:colcon.colcon_core.environment:checking '/home/mohammed-sameh/hatem_version/ros2_ws/install/vslam_pkg' for CMake module files
[2.464s] DEBUG:colcon.colcon_core.event_handler.log_command:Invoked command in '/home/mohammed-sameh/hatem_version/ros2_ws/src/vslam_pkg' returned '0': DEBUGINFOD_URLS=https://debuginfod.ubuntu.com PYTHONPATH=/home/mohammed-sameh/hatem_version/ros2_ws/build/vslam_pkg/prefix_override:/usr/lib/python3/dist-packages/colcon_core/task/python/colcon_distutils_commands:/home/mohammed-sameh/hatem_version/ros2_ws/install/vslam_pkg/lib/python3.12/site-packages:${PYTHONPATH} /usr/bin/python3 -W ignore:setup.py install is deprecated -W ignore:easy_install command is deprecated setup.py egg_info --egg-base ../../build/vslam_pkg build --build-base /home/mohammed-sameh/hatem_version/ros2_ws/build/vslam_pkg/build install --record /home/mohammed-sameh/hatem_version/ros2_ws/build/vslam_pkg/install.log --single-version-externally-managed install_data
[2.465s] Level 1:colcon.colcon_core.environment:checking '/home/mohammed-sameh/hatem_version/ros2_ws/install/vslam_pkg' for CMake config files
[2.467s] Level 1:colcon.colcon_core.environment:checking '/home/mohammed-sameh/hatem_version/ros2_ws/install/vslam_pkg/lib'
[2.467s] Level 1:colcon.colcon_core.environment:checking '/home/mohammed-sameh/hatem_version/ros2_ws/install/vslam_pkg/bin'
[2.467s] Level 1:colcon.colcon_core.environment:checking '/home/mohammed-sameh/hatem_version/ros2_ws/install/vslam_pkg/lib/pkgconfig/vslam_pkg.pc'
[2.467s] Level 1:colcon.colcon_core.environment:checking '/home/mohammed-sameh/hatem_version/ros2_ws/install/vslam_pkg/lib/python3.12/site-packages'
[2.468s] Level 1:colcon.colcon_core.shell:create_environment_hook('vslam_pkg', 'pythonpath')
[2.468s] INFO:colcon.colcon_core.shell:Creating environment hook '/home/mohammed-sameh/hatem_version/ros2_ws/install/vslam_pkg/share/vslam_pkg/hook/pythonpath.ps1'
[2.469s] INFO:colcon.colcon_core.shell:Creating environment descriptor '/home/mohammed-sameh/hatem_version/ros2_ws/install/vslam_pkg/share/vslam_pkg/hook/pythonpath.dsv'
[2.470s] INFO:colcon.colcon_core.shell:Creating environment hook '/home/mohammed-sameh/hatem_version/ros2_ws/install/vslam_pkg/share/vslam_pkg/hook/pythonpath.sh'
[2.471s] Level 1:colcon.colcon_core.environment:checking '/home/mohammed-sameh/hatem_version/ros2_ws/install/vslam_pkg/bin'
[2.471s] Level 1:colcon.colcon_core.environment:create_environment_scripts_only(vslam_pkg)
[2.472s] INFO:colcon.colcon_core.shell:Creating package script '/home/mohammed-sameh/hatem_version/ros2_ws/install/vslam_pkg/share/vslam_pkg/package.ps1'
[2.473s] INFO:colcon.colcon_core.shell:Creating package descriptor '/home/mohammed-sameh/hatem_version/ros2_ws/install/vslam_pkg/share/vslam_pkg/package.dsv'
[2.474s] INFO:colcon.colcon_core.shell:Creating package script '/home/mohammed-sameh/hatem_version/ros2_ws/install/vslam_pkg/share/vslam_pkg/package.sh'
[2.474s] INFO:colcon.colcon_core.shell:Creating package script '/home/mohammed-sameh/hatem_version/ros2_ws/install/vslam_pkg/share/vslam_pkg/package.bash'
[2.475s] INFO:colcon.colcon_core.shell:Creating package script '/home/mohammed-sameh/hatem_version/ros2_ws/install/vslam_pkg/share/vslam_pkg/package.zsh'
[2.475s] Level 1:colcon.colcon_core.environment:create_file_with_runtime_dependencies(/home/mohammed-sameh/hatem_version/ros2_ws/install/vslam_pkg/share/colcon-core/packages/vslam_pkg)
[2.476s] DEBUG:colcon.colcon_parallel_executor.executor.parallel:closing loop
[2.476s] DEBUG:colcon.colcon_parallel_executor.executor.parallel:loop closed
[2.476s] DEBUG:colcon.colcon_parallel_executor.executor.parallel:run_until_complete finished with '0'
[2.477s] DEBUG:colcon.colcon_core.event_reactor:joining thread
[2.490s] INFO:colcon.colcon_core.plugin_system:Skipping extension 'colcon_notification.desktop_notification.terminal_notifier': Not used on non-Darwin systems
[2.491s] INFO:colcon.colcon_core.plugin_system:Skipping extension 'colcon_notification.desktop_notification.win32': Not used on non-Windows systems
[2.491s] INFO:colcon.colcon_notification.desktop_notification:Sending desktop notification using 'notify2'
[2.528s] DEBUG:colcon.colcon_core.event_reactor:joined thread
[2.528s] INFO:colcon.colcon_core.shell:Creating prefix script '/home/mohammed-sameh/hatem_version/ros2_ws/install/local_setup.ps1'
[2.531s] INFO:colcon.colcon_core.shell:Creating prefix util module '/home/mohammed-sameh/hatem_version/ros2_ws/install/_local_setup_util_ps1.py'
[2.534s] INFO:colcon.colcon_core.shell:Creating prefix chain script '/home/mohammed-sameh/hatem_version/ros2_ws/install/setup.ps1'
[2.537s] INFO:colcon.colcon_core.shell:Creating prefix script '/home/mohammed-sameh/hatem_version/ros2_ws/install/local_setup.sh'
[2.538s] INFO:colcon.colcon_core.shell:Creating prefix util module '/home/mohammed-sameh/hatem_version/ros2_ws/install/_local_setup_util_sh.py'
[2.539s] INFO:colcon.colcon_core.shell:Creating prefix chain script '/home/mohammed-sameh/hatem_version/ros2_ws/install/setup.sh'
[2.542s] INFO:colcon.colcon_core.shell:Creating prefix script '/home/mohammed-sameh/hatem_version/ros2_ws/install/local_setup.bash'
[2.543s] INFO:colcon.colcon_core.shell:Creating prefix chain script '/home/mohammed-sameh/hatem_version/ros2_ws/install/setup.bash'
[2.545s] INFO:colcon.colcon_core.shell:Creating prefix script '/home/mohammed-sameh/hatem_version/ros2_ws/install/local_setup.zsh'
[2.546s] INFO:colcon.colcon_core.shell:Creating prefix chain script '/home/mohammed-sameh/hatem_version/ros2_ws/install/setup.zsh'
