running egg_info
creating ../../build/rpi_controller_pkg/rpi_controller_pkg.egg-info
writing ../../build/rpi_controller_pkg/rpi_controller_pkg.egg-info/PKG-INFO
writing dependency_links to ../../build/rpi_controller_pkg/rpi_controller_pkg.egg-info/dependency_links.txt
writing requirements to ../../build/rpi_controller_pkg/rpi_controller_pkg.egg-info/requires.txt
writing top-level names to ../../build/rpi_controller_pkg/rpi_controller_pkg.egg-info/top_level.txt
writing manifest file '../../build/rpi_controller_pkg/rpi_controller_pkg.egg-info/SOURCES.txt'
reading manifest file '../../build/rpi_controller_pkg/rpi_controller_pkg.egg-info/SOURCES.txt'
writing manifest file '../../build/rpi_controller_pkg/rpi_controller_pkg.egg-info/SOURCES.txt'
running build
running build_py
creating /home/mohamed-kassem/vector_v1_vslam/ros2_ws/build/rpi_controller_pkg/build
creating /home/mohamed-kassem/vector_v1_vslam/ros2_ws/build/rpi_controller_pkg/build/lib
creating /home/mohamed-kassem/vector_v1_vslam/ros2_ws/build/rpi_controller_pkg/build/lib/rpi_controller_pkg
copying rpi_controller_pkg/__init__.py -> /home/mohamed-kassem/vector_v1_vslam/ros2_ws/build/rpi_controller_pkg/build/lib/rpi_controller_pkg
running install
running install_lib
creating /home/mohamed-kassem/vector_v1_vslam/ros2_ws/install/rpi_controller_pkg/lib/python3.12/site-packages/rpi_controller_pkg
copying /home/mohamed-kassem/vector_v1_vslam/ros2_ws/build/rpi_controller_pkg/build/lib/rpi_controller_pkg/__init__.py -> /home/mohamed-kassem/vector_v1_vslam/ros2_ws/install/rpi_controller_pkg/lib/python3.12/site-packages/rpi_controller_pkg
byte-compiling /home/mohamed-kassem/vector_v1_vslam/ros2_ws/install/rpi_controller_pkg/lib/python3.12/site-packages/rpi_controller_pkg/__init__.py to __init__.cpython-312.pyc
running install_data
creating /home/mohamed-kassem/vector_v1_vslam/ros2_ws/install/rpi_controller_pkg/share/ament_index
creating /home/mohamed-kassem/vector_v1_vslam/ros2_ws/install/rpi_controller_pkg/share/ament_index/resource_index
creating /home/mohamed-kassem/vector_v1_vslam/ros2_ws/install/rpi_controller_pkg/share/ament_index/resource_index/packages
copying resource/rpi_controller_pkg -> /home/mohamed-kassem/vector_v1_vslam/ros2_ws/install/rpi_controller_pkg/share/ament_index/resource_index/packages
copying package.xml -> /home/mohamed-kassem/vector_v1_vslam/ros2_ws/install/rpi_controller_pkg/share/rpi_controller_pkg
running install_egg_info
Copying ../../build/rpi_controller_pkg/rpi_controller_pkg.egg-info to /home/mohamed-kassem/vector_v1_vslam/ros2_ws/install/rpi_controller_pkg/lib/python3.12/site-packages/rpi_controller_pkg-0.0.0-py3.12.egg-info
running install_scripts
writing list of installed files to '/home/mohamed-kassem/vector_v1_vslam/ros2_ws/build/rpi_controller_pkg/install.log'
