[2.093s] Invoking command in '/home/mohamed-kassem/vector_v1_vslam/ros2_ws/src/rpi_controller_pkg': DEBUGINFOD_URLS=https://debuginfod.ubuntu.com PYTHONPATH=/home/mohamed-kassem/vector_v1_vslam/ros2_ws/build/rpi_controller_pkg/prefix_override:/usr/lib/python3/dist-packages/colcon_core/task/python/colcon_distutils_commands:/home/mohamed-kassem/vector_v1_vslam/ros2_ws/install/rpi_controller_pkg/lib/python3.12/site-packages:${PYTHONPATH} /usr/bin/python3 -W ignore:setup.py install is deprecated -W ignore:easy_install command is deprecated setup.py egg_info --egg-base ../../build/rpi_controller_pkg build --build-base /home/mohamed-kassem/vector_v1_vslam/ros2_ws/build/rpi_controller_pkg/build install --record /home/mohamed-kassem/vector_v1_vslam/ros2_ws/build/rpi_controller_pkg/install.log --single-version-externally-managed install_data
[2.540s] running egg_info
[2.540s] creating ../../build/rpi_controller_pkg/rpi_controller_pkg.egg-info
[2.574s] writing ../../build/rpi_controller_pkg/rpi_controller_pkg.egg-info/PKG-INFO
[2.574s] writing dependency_links to ../../build/rpi_controller_pkg/rpi_controller_pkg.egg-info/dependency_links.txt
[2.575s] writing requirements to ../../build/rpi_controller_pkg/rpi_controller_pkg.egg-info/requires.txt
[2.575s] writing top-level names to ../../build/rpi_controller_pkg/rpi_controller_pkg.egg-info/top_level.txt
[2.575s] writing manifest file '../../build/rpi_controller_pkg/rpi_controller_pkg.egg-info/SOURCES.txt'
[2.644s] reading manifest file '../../build/rpi_controller_pkg/rpi_controller_pkg.egg-info/SOURCES.txt'
[2.645s] writing manifest file '../../build/rpi_controller_pkg/rpi_controller_pkg.egg-info/SOURCES.txt'
[2.645s] running build
[2.645s] running build_py
[2.646s] creating /home/mohamed-kassem/vector_v1_vslam/ros2_ws/build/rpi_controller_pkg/build
[2.646s] creating /home/mohamed-kassem/vector_v1_vslam/ros2_ws/build/rpi_controller_pkg/build/lib
[2.646s] creating /home/mohamed-kassem/vector_v1_vslam/ros2_ws/build/rpi_controller_pkg/build/lib/rpi_controller_pkg
[2.647s] copying rpi_controller_pkg/__init__.py -> /home/mohamed-kassem/vector_v1_vslam/ros2_ws/build/rpi_controller_pkg/build/lib/rpi_controller_pkg
[2.647s] running install
[2.655s] running install_lib
[2.688s] creating /home/mohamed-kassem/vector_v1_vslam/ros2_ws/install/rpi_controller_pkg/lib/python3.12/site-packages/rpi_controller_pkg
[2.689s] copying /home/mohamed-kassem/vector_v1_vslam/ros2_ws/build/rpi_controller_pkg/build/lib/rpi_controller_pkg/__init__.py -> /home/mohamed-kassem/vector_v1_vslam/ros2_ws/install/rpi_controller_pkg/lib/python3.12/site-packages/rpi_controller_pkg
[2.689s] byte-compiling /home/mohamed-kassem/vector_v1_vslam/ros2_ws/install/rpi_controller_pkg/lib/python3.12/site-packages/rpi_controller_pkg/__init__.py to __init__.cpython-312.pyc
[2.690s] running install_data
[2.690s] creating /home/mohamed-kassem/vector_v1_vslam/ros2_ws/install/rpi_controller_pkg/share/ament_index
[2.690s] creating /home/mohamed-kassem/vector_v1_vslam/ros2_ws/install/rpi_controller_pkg/share/ament_index/resource_index
[2.690s] creating /home/mohamed-kassem/vector_v1_vslam/ros2_ws/install/rpi_controller_pkg/share/ament_index/resource_index/packages
[2.691s] copying resource/rpi_controller_pkg -> /home/mohamed-kassem/vector_v1_vslam/ros2_ws/install/rpi_controller_pkg/share/ament_index/resource_index/packages
[2.691s] copying package.xml -> /home/mohamed-kassem/vector_v1_vslam/ros2_ws/install/rpi_controller_pkg/share/rpi_controller_pkg
[2.691s] running install_egg_info
[2.726s] Copying ../../build/rpi_controller_pkg/rpi_controller_pkg.egg-info to /home/mohamed-kassem/vector_v1_vslam/ros2_ws/install/rpi_controller_pkg/lib/python3.12/site-packages/rpi_controller_pkg-0.0.0-py3.12.egg-info
[2.727s] running install_scripts
[2.952s] writing list of installed files to '/home/mohamed-kassem/vector_v1_vslam/ros2_ws/build/rpi_controller_pkg/install.log'
[3.001s] Invoked command in '/home/mohamed-kassem/vector_v1_vslam/ros2_ws/src/rpi_controller_pkg' returned '0': DEBUGINFOD_URLS=https://debuginfod.ubuntu.com PYTHONPATH=/home/mohamed-kassem/vector_v1_vslam/ros2_ws/build/rpi_controller_pkg/prefix_override:/usr/lib/python3/dist-packages/colcon_core/task/python/colcon_distutils_commands:/home/mohamed-kassem/vector_v1_vslam/ros2_ws/install/rpi_controller_pkg/lib/python3.12/site-packages:${PYTHONPATH} /usr/bin/python3 -W ignore:setup.py install is deprecated -W ignore:easy_install command is deprecated setup.py egg_info --egg-base ../../build/rpi_controller_pkg build --build-base /home/mohamed-kassem/vector_v1_vslam/ros2_ws/build/rpi_controller_pkg/build install --record /home/mohamed-kassem/vector_v1_vslam/ros2_ws/build/rpi_controller_pkg/install.log --single-version-externally-managed install_data
