[1.412s] Invoking command in '/home/mohammed-sameh/hatem_version/ros2_ws/src/rpi_controller_pkg': DEBUGINFOD_URLS=https://debuginfod.ubuntu.com PYTHONPATH=/home/mohammed-sameh/hatem_version/ros2_ws/build/rpi_controller_pkg/prefix_override:/usr/lib/python3/dist-packages/colcon_core/task/python/colcon_distutils_commands:/home/mohammed-sameh/hatem_version/ros2_ws/install/rpi_controller_pkg/lib/python3.12/site-packages:${PYTHONPATH} /usr/bin/python3 -W ignore:setup.py install is deprecated -W ignore:easy_install command is deprecated setup.py egg_info --egg-base ../../build/rpi_controller_pkg build --build-base /home/mohammed-sameh/hatem_version/ros2_ws/build/rpi_controller_pkg/build install --record /home/mohammed-sameh/hatem_version/ros2_ws/build/rpi_controller_pkg/install.log --single-version-externally-managed install_data
[1.702s] running egg_info
[1.721s] writing ../../build/rpi_controller_pkg/rpi_controller_pkg.egg-info/PKG-INFO
[1.721s] writing dependency_links to ../../build/rpi_controller_pkg/rpi_controller_pkg.egg-info/dependency_links.txt
[1.722s] writing entry points to ../../build/rpi_controller_pkg/rpi_controller_pkg.egg-info/entry_points.txt
[1.722s] writing requirements to ../../build/rpi_controller_pkg/rpi_controller_pkg.egg-info/requires.txt
[1.722s] writing top-level names to ../../build/rpi_controller_pkg/rpi_controller_pkg.egg-info/top_level.txt
[1.757s] reading manifest file '../../build/rpi_controller_pkg/rpi_controller_pkg.egg-info/SOURCES.txt'
[1.759s] writing manifest file '../../build/rpi_controller_pkg/rpi_controller_pkg.egg-info/SOURCES.txt'
[1.760s] running build
[1.760s] running build_py
[1.760s] copying rpi_controller_pkg/pos_det.py -> /home/mohammed-sameh/hatem_version/ros2_ws/build/rpi_controller_pkg/build/lib/rpi_controller_pkg
[1.760s] running install
[1.764s] running install_lib
[1.784s] copying /home/mohammed-sameh/hatem_version/ros2_ws/build/rpi_controller_pkg/build/lib/rpi_controller_pkg/pos_det.py -> /home/mohammed-sameh/hatem_version/ros2_ws/install/rpi_controller_pkg/lib/python3.12/site-packages/rpi_controller_pkg
[1.784s] byte-compiling /home/mohammed-sameh/hatem_version/ros2_ws/install/rpi_controller_pkg/lib/python3.12/site-packages/rpi_controller_pkg/pos_det.py to pos_det.cpython-312.pyc
[1.784s] running install_data
[1.785s] running install_egg_info
[1.804s] removing '/home/mohammed-sameh/hatem_version/ros2_ws/install/rpi_controller_pkg/lib/python3.12/site-packages/rpi_controller_pkg-0.0.0-py3.12.egg-info' (and everything under it)
[1.804s] Copying ../../build/rpi_controller_pkg/rpi_controller_pkg.egg-info to /home/mohammed-sameh/hatem_version/ros2_ws/install/rpi_controller_pkg/lib/python3.12/site-packages/rpi_controller_pkg-0.0.0-py3.12.egg-info
[1.804s] running install_scripts
[1.932s] Installing arduino_controller script to /home/mohammed-sameh/hatem_version/ros2_ws/install/rpi_controller_pkg/lib/rpi_controller_pkg
[1.933s] Installing pos script to /home/mohammed-sameh/hatem_version/ros2_ws/install/rpi_controller_pkg/lib/rpi_controller_pkg
[1.933s] writing list of installed files to '/home/mohammed-sameh/hatem_version/ros2_ws/build/rpi_controller_pkg/install.log'
[1.968s] Invoked command in '/home/mohammed-sameh/hatem_version/ros2_ws/src/rpi_controller_pkg' returned '0': DEBUGINFOD_URLS=https://debuginfod.ubuntu.com PYTHONPATH=/home/mohammed-sameh/hatem_version/ros2_ws/build/rpi_controller_pkg/prefix_override:/usr/lib/python3/dist-packages/colcon_core/task/python/colcon_distutils_commands:/home/mohammed-sameh/hatem_version/ros2_ws/install/rpi_controller_pkg/lib/python3.12/site-packages:${PYTHONPATH} /usr/bin/python3 -W ignore:setup.py install is deprecated -W ignore:easy_install command is deprecated setup.py egg_info --egg-base ../../build/rpi_controller_pkg build --build-base /home/mohammed-sameh/hatem_version/ros2_ws/build/rpi_controller_pkg/build install --record /home/mohammed-sameh/hatem_version/ros2_ws/build/rpi_controller_pkg/install.log --single-version-externally-managed install_data
