running egg_info
writing ../../build/rpi_controller_pkg/rpi_controller_pkg.egg-info/PKG-INFO
writing dependency_links to ../../build/rpi_controller_pkg/rpi_controller_pkg.egg-info/dependency_links.txt
writing entry points to ../../build/rpi_controller_pkg/rpi_controller_pkg.egg-info/entry_points.txt
writing requirements to ../../build/rpi_controller_pkg/rpi_controller_pkg.egg-info/requires.txt
writing top-level names to ../../build/rpi_controller_pkg/rpi_controller_pkg.egg-info/top_level.txt
reading manifest file '../../build/rpi_controller_pkg/rpi_controller_pkg.egg-info/SOURCES.txt'
writing manifest file '../../build/rpi_controller_pkg/rpi_controller_pkg.egg-info/SOURCES.txt'
running build
running build_py
running install
running install_lib
running install_data
running install_egg_info
removing '/home/mohammed-sameh/hatem_version/ros2_ws/install/rpi_controller_pkg/lib/python3.12/site-packages/rpi_controller_pkg-0.0.0-py3.12.egg-info' (and everything under it)
Copying ../../build/rpi_controller_pkg/rpi_controller_pkg.egg-info to /home/mohammed-sameh/hatem_version/ros2_ws/install/rpi_controller_pkg/lib/python3.12/site-packages/rpi_controller_pkg-0.0.0-py3.12.egg-info
running install_scripts
Installing arduino_controller script to /home/mohammed-sameh/hatem_version/ros2_ws/install/rpi_controller_pkg/lib/rpi_controller_pkg
Installing pos script to /home/mohammed-sameh/hatem_version/ros2_ws/install/rpi_controller_pkg/lib/rpi_controller_pkg
writing list of installed files to '/home/mohammed-sameh/hatem_version/ros2_ws/build/rpi_controller_pkg/install.log'
