[0.154s] DEBUG:colcon:Command line arguments: ['/usr/bin/colcon', 'list', '-p', '--base-paths', '/home/mohamed-kassem/vector_v1_vslam/ros2_ws', '--log-base', '/dev/null']
[0.154s] DEBUG:colcon:Parsed command line arguments: Namespace(log_base=None, log_level=None, verb_name='list', build_base='build', ignore_user_meta=False, metas=['./colcon.meta'], base_paths=['/home/mohamed-kassem/vector_v1_vslam/ros2_ws', '--log-base', '/dev/null'], packages_ignore=None, packages_ignore_regex=None, paths=None, packages_up_to=None, packages_up_to_regex=None, packages_above=None, packages_above_and_dependencies=None, packages_above_depth=None, packages_select_by_dep=None, packages_skip_by_dep=None, packages_skip_up_to=None, packages_select_build_failed=False, packages_skip_build_finished=False, packages_select_test_failures=False, packages_skip_test_passed=False, packages_select=None, packages_skip=None, packages_select_regex=None, packages_skip_regex=None, packages_start=None, packages_end=None, allow_overriding=[], topological_order=False, names_only=False, paths_only=True, topological_graph=False, topological_graph_dot=False, topological_graph_density=False, topological_graph_legend=False, topological_graph_dot_cluster=False, topological_graph_dot_include_skipped=False, mixin_files=None, mixin=None, verb_parser=<colcon_mixin.mixin.mixin_argument.MixinArgumentDecorator object at 0x765a495abad0>, verb_extension=<colcon_package_information.verb.list.ListVerb object at 0x765a495aac00>, main=<bound method ListVerb.main of <colcon_package_information.verb.list.ListVerb object at 0x765a495aac00>>, mixin_verb=('list',))
[0.213s] Level 1:colcon.colcon_core.package_discovery:discover_packages(colcon_meta) check parameters
[0.213s] Level 1:colcon.colcon_core.package_discovery:discover_packages(recursive) check parameters
[0.213s] Level 1:colcon.colcon_core.package_discovery:discover_packages(ignore) check parameters
[0.213s] Level 1:colcon.colcon_core.package_discovery:discover_packages(path) check parameters
[0.213s] Level 1:colcon.colcon_core.package_discovery:discover_packages(recursive) discover
[0.213s] INFO:colcon.colcon_core.package_discovery:Crawling recursively for packages in '/home/mohamed-kassem/vector_v1_vslam/ros2_ws', '/home/mohamed-kassem/vector_v1_vslam/ros2_ws/--log-base', '/dev/null'
[0.213s] Level 1:colcon.colcon_core.package_identification:_identify(/home/mohamed-kassem/vector_v1_vslam/ros2_ws) by extensions ['ignore', 'ignore_ament_install']
[0.213s] Level 1:colcon.colcon_core.package_identification:_identify(/home/mohamed-kassem/vector_v1_vslam/ros2_ws) by extension 'ignore'
[0.214s] Level 1:colcon.colcon_core.package_identification:_identify(/home/mohamed-kassem/vector_v1_vslam/ros2_ws) by extension 'ignore_ament_install'
[0.214s] Level 1:colcon.colcon_core.package_identification:_identify(/home/mohamed-kassem/vector_v1_vslam/ros2_ws) by extensions ['colcon_pkg']
[0.214s] Level 1:colcon.colcon_core.package_identification:_identify(/home/mohamed-kassem/vector_v1_vslam/ros2_ws) by extension 'colcon_pkg'
[0.214s] Level 1:colcon.colcon_core.package_identification:_identify(/home/mohamed-kassem/vector_v1_vslam/ros2_ws) by extensions ['colcon_meta']
[0.214s] Level 1:colcon.colcon_core.package_identification:_identify(/home/mohamed-kassem/vector_v1_vslam/ros2_ws) by extension 'colcon_meta'
[0.214s] Level 1:colcon.colcon_core.package_identification:_identify(/home/mohamed-kassem/vector_v1_vslam/ros2_ws) by extensions ['ros']
[0.214s] Level 1:colcon.colcon_core.package_identification:_identify(/home/mohamed-kassem/vector_v1_vslam/ros2_ws) by extension 'ros'
[0.255s] Level 1:colcon.colcon_core.package_identification:_identify(/home/mohamed-kassem/vector_v1_vslam/ros2_ws) by extensions ['cmake', 'python']
[0.256s] Level 1:colcon.colcon_core.package_identification:_identify(/home/mohamed-kassem/vector_v1_vslam/ros2_ws) by extension 'cmake'
[0.256s] Level 1:colcon.colcon_core.package_identification:_identify(/home/mohamed-kassem/vector_v1_vslam/ros2_ws) by extension 'python'
[0.256s] Level 1:colcon.colcon_core.package_identification:_identify(/home/mohamed-kassem/vector_v1_vslam/ros2_ws) by extensions ['python_setup_py']
[0.256s] Level 1:colcon.colcon_core.package_identification:_identify(/home/mohamed-kassem/vector_v1_vslam/ros2_ws) by extension 'python_setup_py'
[0.256s] Level 1:colcon.colcon_core.package_identification:_identify(/home/mohamed-kassem/vector_v1_vslam/ros2_ws/build) by extensions ['ignore', 'ignore_ament_install']
[0.256s] Level 1:colcon.colcon_core.package_identification:_identify(/home/mohamed-kassem/vector_v1_vslam/ros2_ws/build) by extension 'ignore'
[0.256s] Level 1:colcon.colcon_core.package_identification:_identify(/home/mohamed-kassem/vector_v1_vslam/ros2_ws/build) ignored
[0.256s] Level 1:colcon.colcon_core.package_identification:_identify(/home/mohamed-kassem/vector_v1_vslam/ros2_ws/install) by extensions ['ignore', 'ignore_ament_install']
[0.256s] Level 1:colcon.colcon_core.package_identification:_identify(/home/mohamed-kassem/vector_v1_vslam/ros2_ws/install) by extension 'ignore'
[0.257s] Level 1:colcon.colcon_core.package_identification:_identify(/home/mohamed-kassem/vector_v1_vslam/ros2_ws/install) ignored
[0.257s] Level 1:colcon.colcon_core.package_identification:_identify(/home/mohamed-kassem/vector_v1_vslam/ros2_ws/log) by extensions ['ignore', 'ignore_ament_install']
[0.257s] Level 1:colcon.colcon_core.package_identification:_identify(/home/mohamed-kassem/vector_v1_vslam/ros2_ws/log) by extension 'ignore'
[0.257s] Level 1:colcon.colcon_core.package_identification:_identify(/home/mohamed-kassem/vector_v1_vslam/ros2_ws/log) ignored
[0.257s] Level 1:colcon.colcon_core.package_identification:_identify(/home/mohamed-kassem/vector_v1_vslam/ros2_ws/src) by extensions ['ignore', 'ignore_ament_install']
[0.257s] Level 1:colcon.colcon_core.package_identification:_identify(/home/mohamed-kassem/vector_v1_vslam/ros2_ws/src) by extension 'ignore'
[0.257s] Level 1:colcon.colcon_core.package_identification:_identify(/home/mohamed-kassem/vector_v1_vslam/ros2_ws/src) by extension 'ignore_ament_install'
[0.257s] Level 1:colcon.colcon_core.package_identification:_identify(/home/mohamed-kassem/vector_v1_vslam/ros2_ws/src) by extensions ['colcon_pkg']
[0.257s] Level 1:colcon.colcon_core.package_identification:_identify(/home/mohamed-kassem/vector_v1_vslam/ros2_ws/src) by extension 'colcon_pkg'
[0.257s] Level 1:colcon.colcon_core.package_identification:_identify(/home/mohamed-kassem/vector_v1_vslam/ros2_ws/src) by extensions ['colcon_meta']
[0.257s] Level 1:colcon.colcon_core.package_identification:_identify(/home/mohamed-kassem/vector_v1_vslam/ros2_ws/src) by extension 'colcon_meta'
[0.257s] Level 1:colcon.colcon_core.package_identification:_identify(/home/mohamed-kassem/vector_v1_vslam/ros2_ws/src) by extensions ['ros']
[0.257s] Level 1:colcon.colcon_core.package_identification:_identify(/home/mohamed-kassem/vector_v1_vslam/ros2_ws/src) by extension 'ros'
[0.258s] Level 1:colcon.colcon_core.package_identification:_identify(/home/mohamed-kassem/vector_v1_vslam/ros2_ws/src) by extensions ['cmake', 'python']
[0.258s] Level 1:colcon.colcon_core.package_identification:_identify(/home/mohamed-kassem/vector_v1_vslam/ros2_ws/src) by extension 'cmake'
[0.258s] Level 1:colcon.colcon_core.package_identification:_identify(/home/mohamed-kassem/vector_v1_vslam/ros2_ws/src) by extension 'python'
[0.258s] Level 1:colcon.colcon_core.package_identification:_identify(/home/mohamed-kassem/vector_v1_vslam/ros2_ws/src) by extensions ['python_setup_py']
[0.258s] Level 1:colcon.colcon_core.package_identification:_identify(/home/mohamed-kassem/vector_v1_vslam/ros2_ws/src) by extension 'python_setup_py'
[0.258s] Level 1:colcon.colcon_core.package_identification:_identify(/home/mohamed-kassem/vector_v1_vslam/ros2_ws/src/arduino_pkg) by extensions ['ignore', 'ignore_ament_install']
[0.258s] Level 1:colcon.colcon_core.package_identification:_identify(/home/mohamed-kassem/vector_v1_vslam/ros2_ws/src/arduino_pkg) by extension 'ignore'
[0.258s] Level 1:colcon.colcon_core.package_identification:_identify(/home/mohamed-kassem/vector_v1_vslam/ros2_ws/src/arduino_pkg) by extension 'ignore_ament_install'
[0.258s] Level 1:colcon.colcon_core.package_identification:_identify(/home/mohamed-kassem/vector_v1_vslam/ros2_ws/src/arduino_pkg) by extensions ['colcon_pkg']
[0.258s] Level 1:colcon.colcon_core.package_identification:_identify(/home/mohamed-kassem/vector_v1_vslam/ros2_ws/src/arduino_pkg) by extension 'colcon_pkg'
[0.258s] Level 1:colcon.colcon_core.package_identification:_identify(/home/mohamed-kassem/vector_v1_vslam/ros2_ws/src/arduino_pkg) by extensions ['colcon_meta']
[0.258s] Level 1:colcon.colcon_core.package_identification:_identify(/home/mohamed-kassem/vector_v1_vslam/ros2_ws/src/arduino_pkg) by extension 'colcon_meta'
[0.258s] Level 1:colcon.colcon_core.package_identification:_identify(/home/mohamed-kassem/vector_v1_vslam/ros2_ws/src/arduino_pkg) by extensions ['ros']
[0.258s] Level 1:colcon.colcon_core.package_identification:_identify(/home/mohamed-kassem/vector_v1_vslam/ros2_ws/src/arduino_pkg) by extension 'ros'
[0.264s] DEBUG:colcon.colcon_core.package_identification:Found ROS schema reference in package manifest in '/home/mohamed-kassem/vector_v1_vslam/ros2_ws/src/arduino_pkg'
[0.264s] WARNING:colcon.colcon_core.package_identification:Failed to parse ROS package manifest in '/home/mohamed-kassem/vector_v1_vslam/ros2_ws/src/arduino_pkg': Error(s) in package '/home/mohamed-kassem/vector_v1_vslam/ros2_ws/src/arduino_pkg/package.xml':
Invalid email "=" for person "mohammed-sameh"
[0.265s] Level 1:colcon.colcon_core.package_identification:_identify(/home/mohamed-kassem/vector_v1_vslam/ros2_ws/src/arduino_pkg) by extensions ['cmake', 'python']
[0.265s] Level 1:colcon.colcon_core.package_identification:_identify(/home/mohamed-kassem/vector_v1_vslam/ros2_ws/src/arduino_pkg) by extension 'cmake'
[0.265s] Level 1:colcon.colcon_core.package_identification:_identify(/home/mohamed-kassem/vector_v1_vslam/ros2_ws/src/arduino_pkg) by extension 'python'
[0.265s] DEBUG:colcon.colcon_core.package_identification:Python package in '/home/mohamed-kassem/vector_v1_vslam/ros2_ws/src/arduino_pkg' passes arguments to the setup() function which requires a different identification extension than 'python'
[0.265s] Level 1:colcon.colcon_core.package_identification:_identify(/home/mohamed-kassem/vector_v1_vslam/ros2_ws/src/arduino_pkg) by extensions ['python_setup_py']
[0.265s] Level 1:colcon.colcon_core.package_identification:_identify(/home/mohamed-kassem/vector_v1_vslam/ros2_ws/src/arduino_pkg) by extension 'python_setup_py'
[0.678s] DEBUG:colcon.colcon_core.package_identification:Package '/home/mohamed-kassem/vector_v1_vslam/ros2_ws/src/arduino_pkg' with type 'python' and name 'arduino_pkg'
[0.678s] Level 1:colcon.colcon_core.package_identification:_identify(/home/mohamed-kassem/vector_v1_vslam/ros2_ws/src/log) by extensions ['ignore', 'ignore_ament_install']
[0.679s] Level 1:colcon.colcon_core.package_identification:_identify(/home/mohamed-kassem/vector_v1_vslam/ros2_ws/src/log) by extension 'ignore'
[0.679s] Level 1:colcon.colcon_core.package_identification:_identify(/home/mohamed-kassem/vector_v1_vslam/ros2_ws/src/log) ignored
[0.679s] Level 1:colcon.colcon_core.package_identification:_identify(/home/mohamed-kassem/vector_v1_vslam/ros2_ws/src/rpi_controller_pkg) by extensions ['ignore', 'ignore_ament_install']
[0.679s] Level 1:colcon.colcon_core.package_identification:_identify(/home/mohamed-kassem/vector_v1_vslam/ros2_ws/src/rpi_controller_pkg) by extension 'ignore'
[0.679s] Level 1:colcon.colcon_core.package_identification:_identify(/home/mohamed-kassem/vector_v1_vslam/ros2_ws/src/rpi_controller_pkg) by extension 'ignore_ament_install'
[0.679s] Level 1:colcon.colcon_core.package_identification:_identify(/home/mohamed-kassem/vector_v1_vslam/ros2_ws/src/rpi_controller_pkg) by extensions ['colcon_pkg']
[0.679s] Level 1:colcon.colcon_core.package_identification:_identify(/home/mohamed-kassem/vector_v1_vslam/ros2_ws/src/rpi_controller_pkg) by extension 'colcon_pkg'
[0.679s] Level 1:colcon.colcon_core.package_identification:_identify(/home/mohamed-kassem/vector_v1_vslam/ros2_ws/src/rpi_controller_pkg) by extensions ['colcon_meta']
[0.679s] Level 1:colcon.colcon_core.package_identification:_identify(/home/mohamed-kassem/vector_v1_vslam/ros2_ws/src/rpi_controller_pkg) by extension 'colcon_meta'
[0.679s] Level 1:colcon.colcon_core.package_identification:_identify(/home/mohamed-kassem/vector_v1_vslam/ros2_ws/src/rpi_controller_pkg) by extensions ['ros']
[0.679s] Level 1:colcon.colcon_core.package_identification:_identify(/home/mohamed-kassem/vector_v1_vslam/ros2_ws/src/rpi_controller_pkg) by extension 'ros'
[0.680s] DEBUG:colcon.colcon_core.package_identification:Package '/home/mohamed-kassem/vector_v1_vslam/ros2_ws/src/rpi_controller_pkg' with type 'ros.ament_python' and name 'rpi_controller_pkg'
[0.680s] Level 1:colcon.colcon_core.package_identification:_identify(/home/mohamed-kassem/vector_v1_vslam/ros2_ws/src/vslam_pkg) by extensions ['ignore', 'ignore_ament_install']
[0.680s] Level 1:colcon.colcon_core.package_identification:_identify(/home/mohamed-kassem/vector_v1_vslam/ros2_ws/src/vslam_pkg) by extension 'ignore'
[0.680s] Level 1:colcon.colcon_core.package_identification:_identify(/home/mohamed-kassem/vector_v1_vslam/ros2_ws/src/vslam_pkg) by extension 'ignore_ament_install'
[0.680s] Level 1:colcon.colcon_core.package_identification:_identify(/home/mohamed-kassem/vector_v1_vslam/ros2_ws/src/vslam_pkg) by extensions ['colcon_pkg']
[0.680s] Level 1:colcon.colcon_core.package_identification:_identify(/home/mohamed-kassem/vector_v1_vslam/ros2_ws/src/vslam_pkg) by extension 'colcon_pkg'
[0.680s] Level 1:colcon.colcon_core.package_identification:_identify(/home/mohamed-kassem/vector_v1_vslam/ros2_ws/src/vslam_pkg) by extensions ['colcon_meta']
[0.680s] Level 1:colcon.colcon_core.package_identification:_identify(/home/mohamed-kassem/vector_v1_vslam/ros2_ws/src/vslam_pkg) by extension 'colcon_meta'
[0.680s] Level 1:colcon.colcon_core.package_identification:_identify(/home/mohamed-kassem/vector_v1_vslam/ros2_ws/src/vslam_pkg) by extensions ['ros']
[0.681s] Level 1:colcon.colcon_core.package_identification:_identify(/home/mohamed-kassem/vector_v1_vslam/ros2_ws/src/vslam_pkg) by extension 'ros'
[0.681s] DEBUG:colcon.colcon_core.package_identification:Package '/home/mohamed-kassem/vector_v1_vslam/ros2_ws/src/vslam_pkg' with type 'ros.ament_python' and name 'vslam_pkg'
[0.682s] Level 1:colcon.colcon_core.package_discovery:discover_packages(recursive) using defaults
