[1.387s] Invoking command in '/home/mohammed-sameh/hatem_version/ros2_ws/src/arduino_pkg': DEBUGINFOD_URLS=https://debuginfod.ubuntu.com PYTHONPATH=/home/mohammed-sameh/hatem_version/ros2_ws/build/arduino_pkg/prefix_override:/usr/lib/python3/dist-packages/colcon_core/task/python/colcon_distutils_commands:/home/mohammed-sameh/hatem_version/ros2_ws/install/arduino_pkg/lib/python3.12/site-packages:${PYTHONPATH} /usr/bin/python3 -W ignore:setup.py install is deprecated -W ignore:easy_install command is deprecated setup.py egg_info --egg-base ../../build/arduino_pkg build --build-base /home/mohammed-sameh/hatem_version/ros2_ws/build/arduino_pkg/build install --record /home/mohammed-sameh/hatem_version/ros2_ws/build/arduino_pkg/install.log --single-version-externally-managed install_data
[1.682s] running egg_info
[1.699s] writing ../../build/arduino_pkg/arduino_pkg.egg-info/PKG-INFO
[1.699s] writing dependency_links to ../../build/arduino_pkg/arduino_pkg.egg-info/dependency_links.txt
[1.699s] writing requirements to ../../build/arduino_pkg/arduino_pkg.egg-info/requires.txt
[1.699s] writing top-level names to ../../build/arduino_pkg/arduino_pkg.egg-info/top_level.txt
[1.735s] reading manifest file '../../build/arduino_pkg/arduino_pkg.egg-info/SOURCES.txt'
[1.735s] writing manifest file '../../build/arduino_pkg/arduino_pkg.egg-info/SOURCES.txt'
[1.736s] running build
[1.736s] running build_py
[1.736s] running install
[1.742s] running install_lib
[1.760s] running install_data
[1.760s] copying package.xml -> /home/mohammed-sameh/hatem_version/ros2_ws/install/arduino_pkg/share/arduino_pkg
[1.760s] running install_egg_info
[1.779s] removing '/home/mohammed-sameh/hatem_version/ros2_ws/install/arduino_pkg/lib/python3.12/site-packages/arduino_pkg-0.0.0-py3.12.egg-info' (and everything under it)
[1.779s] Copying ../../build/arduino_pkg/arduino_pkg.egg-info to /home/mohammed-sameh/hatem_version/ros2_ws/install/arduino_pkg/lib/python3.12/site-packages/arduino_pkg-0.0.0-py3.12.egg-info
[1.780s] running install_scripts
[1.906s] writing list of installed files to '/home/mohammed-sameh/hatem_version/ros2_ws/build/arduino_pkg/install.log'
[1.959s] Invoked command in '/home/mohammed-sameh/hatem_version/ros2_ws/src/arduino_pkg' returned '0': DEBUGINFOD_URLS=https://debuginfod.ubuntu.com PYTHONPATH=/home/mohammed-sameh/hatem_version/ros2_ws/build/arduino_pkg/prefix_override:/usr/lib/python3/dist-packages/colcon_core/task/python/colcon_distutils_commands:/home/mohammed-sameh/hatem_version/ros2_ws/install/arduino_pkg/lib/python3.12/site-packages:${PYTHONPATH} /usr/bin/python3 -W ignore:setup.py install is deprecated -W ignore:easy_install command is deprecated setup.py egg_info --egg-base ../../build/arduino_pkg build --build-base /home/mohammed-sameh/hatem_version/ros2_ws/build/arduino_pkg/build install --record /home/mohammed-sameh/hatem_version/ros2_ws/build/arduino_pkg/install.log --single-version-externally-managed install_data
