[0.110s] DEBUG:colcon:Command line arguments: ['/usr/bin/colcon', 'build']
[0.110s] DEBUG:colcon:Parsed command line arguments: Namespace(log_base=None, log_level=None, verb_name='build', build_base='build', install_base='install', merge_install=False, symlink_install=False, test_result_base=None, continue_on_error=False, executor='parallel', parallel_workers=16, event_handlers=None, ignore_user_meta=False, metas=['./colcon.meta'], base_paths=['.'], packages_ignore=None, packages_ignore_regex=None, paths=None, packages_up_to=None, packages_up_to_regex=None, packages_above=None, packages_above_and_dependencies=None, packages_above_depth=None, packages_select_by_dep=None, packages_skip_by_dep=None, packages_skip_up_to=None, packages_select_build_failed=False, packages_skip_build_finished=False, packages_select_test_failures=False, packages_skip_test_passed=False, packages_select=None, packages_skip=None, packages_select_regex=None, packages_skip_regex=None, packages_start=None, packages_end=None, allow_overriding=[], cmake_args=None, cmake_target=None, cmake_target_skip_unavailable=False, cmake_clean_cache=False, cmake_clean_first=False, cmake_force_configure=False, ament_cmake_args=None, catkin_cmake_args=None, catkin_skip_building_tests=False, mixin_files=None, mixin=None, verb_parser=<colcon_mixin.mixin.mixin_argument.MixinArgumentDecorator object at 0x7f6cedeae7e0>, verb_extension=<colcon_core.verb.build.BuildVerb object at 0x7f6cedeae5a0>, main=<bound method BuildVerb.main of <colcon_core.verb.build.BuildVerb object at 0x7f6cedeae5a0>>, mixin_verb=('build',))
[0.149s] Level 1:colcon.colcon_core.package_discovery:discover_packages(colcon_meta) check parameters
[0.149s] Level 1:colcon.colcon_core.package_discovery:discover_packages(recursive) check parameters
[0.149s] Level 1:colcon.colcon_core.package_discovery:discover_packages(ignore) check parameters
[0.149s] Level 1:colcon.colcon_core.package_discovery:discover_packages(path) check parameters
[0.149s] Level 1:colcon.colcon_core.package_discovery:discover_packages(colcon_meta) discover
[0.149s] Level 1:colcon.colcon_core.package_discovery:discover_packages(recursive) discover
[0.149s] INFO:colcon.colcon_core.package_discovery:Crawling recursively for packages in '/home/mohammed-sameh/hatem_version/ros2_ws'
[0.150s] Level 1:colcon.colcon_core.package_identification:_identify(.) by extensions ['ignore', 'ignore_ament_install']
[0.150s] Level 1:colcon.colcon_core.package_identification:_identify(.) by extension 'ignore'
[0.150s] Level 1:colcon.colcon_core.package_identification:_identify(.) by extension 'ignore_ament_install'
[0.150s] Level 1:colcon.colcon_core.package_identification:_identify(.) by extensions ['colcon_pkg']
[0.150s] Level 1:colcon.colcon_core.package_identification:_identify(.) by extension 'colcon_pkg'
[0.150s] Level 1:colcon.colcon_core.package_identification:_identify(.) by extensions ['colcon_meta']
[0.150s] Level 1:colcon.colcon_core.package_identification:_identify(.) by extension 'colcon_meta'
[0.150s] Level 1:colcon.colcon_core.package_identification:_identify(.) by extensions ['ros']
[0.150s] Level 1:colcon.colcon_core.package_identification:_identify(.) by extension 'ros'
[0.177s] Level 1:colcon.colcon_core.package_identification:_identify(.) by extensions ['cmake', 'python']
[0.177s] Level 1:colcon.colcon_core.package_identification:_identify(.) by extension 'cmake'
[0.177s] Level 1:colcon.colcon_core.package_identification:_identify(.) by extension 'python'
[0.177s] Level 1:colcon.colcon_core.package_identification:_identify(.) by extensions ['python_setup_py']
[0.177s] Level 1:colcon.colcon_core.package_identification:_identify(.) by extension 'python_setup_py'
[0.177s] Level 1:colcon.colcon_core.package_identification:_identify(build) by extensions ['ignore', 'ignore_ament_install']
[0.177s] Level 1:colcon.colcon_core.package_identification:_identify(build) by extension 'ignore'
[0.177s] Level 1:colcon.colcon_core.package_identification:_identify(build) ignored
[0.178s] Level 1:colcon.colcon_core.package_identification:_identify(install) by extensions ['ignore', 'ignore_ament_install']
[0.178s] Level 1:colcon.colcon_core.package_identification:_identify(install) by extension 'ignore'
[0.178s] Level 1:colcon.colcon_core.package_identification:_identify(install) ignored
[0.178s] Level 1:colcon.colcon_core.package_identification:_identify(log) by extensions ['ignore', 'ignore_ament_install']
[0.178s] Level 1:colcon.colcon_core.package_identification:_identify(log) by extension 'ignore'
[0.178s] Level 1:colcon.colcon_core.package_identification:_identify(log) ignored
[0.178s] Level 1:colcon.colcon_core.package_identification:_identify(src) by extensions ['ignore', 'ignore_ament_install']
[0.178s] Level 1:colcon.colcon_core.package_identification:_identify(src) by extension 'ignore'
[0.178s] Level 1:colcon.colcon_core.package_identification:_identify(src) by extension 'ignore_ament_install'
[0.178s] Level 1:colcon.colcon_core.package_identification:_identify(src) by extensions ['colcon_pkg']
[0.178s] Level 1:colcon.colcon_core.package_identification:_identify(src) by extension 'colcon_pkg'
[0.178s] Level 1:colcon.colcon_core.package_identification:_identify(src) by extensions ['colcon_meta']
[0.178s] Level 1:colcon.colcon_core.package_identification:_identify(src) by extension 'colcon_meta'
[0.178s] Level 1:colcon.colcon_core.package_identification:_identify(src) by extensions ['ros']
[0.178s] Level 1:colcon.colcon_core.package_identification:_identify(src) by extension 'ros'
[0.178s] Level 1:colcon.colcon_core.package_identification:_identify(src) by extensions ['cmake', 'python']
[0.178s] Level 1:colcon.colcon_core.package_identification:_identify(src) by extension 'cmake'
[0.178s] Level 1:colcon.colcon_core.package_identification:_identify(src) by extension 'python'
[0.178s] Level 1:colcon.colcon_core.package_identification:_identify(src) by extensions ['python_setup_py']
[0.178s] Level 1:colcon.colcon_core.package_identification:_identify(src) by extension 'python_setup_py'
[0.179s] Level 1:colcon.colcon_core.package_identification:_identify(src/arduino_pkg) by extensions ['ignore', 'ignore_ament_install']
[0.179s] Level 1:colcon.colcon_core.package_identification:_identify(src/arduino_pkg) by extension 'ignore'
[0.179s] Level 1:colcon.colcon_core.package_identification:_identify(src/arduino_pkg) by extension 'ignore_ament_install'
[0.179s] Level 1:colcon.colcon_core.package_identification:_identify(src/arduino_pkg) by extensions ['colcon_pkg']
[0.179s] Level 1:colcon.colcon_core.package_identification:_identify(src/arduino_pkg) by extension 'colcon_pkg'
[0.179s] Level 1:colcon.colcon_core.package_identification:_identify(src/arduino_pkg) by extensions ['colcon_meta']
[0.179s] Level 1:colcon.colcon_core.package_identification:_identify(src/arduino_pkg) by extension 'colcon_meta'
[0.179s] Level 1:colcon.colcon_core.package_identification:_identify(src/arduino_pkg) by extensions ['ros']
[0.179s] Level 1:colcon.colcon_core.package_identification:_identify(src/arduino_pkg) by extension 'ros'
[0.181s] DEBUG:colcon.colcon_core.package_identification:Package 'src/arduino_pkg' with type 'ros.ament_python' and name 'arduino_pkg'
[0.181s] Level 1:colcon.colcon_core.package_identification:_identify(src/log) by extensions ['ignore', 'ignore_ament_install']
[0.182s] Level 1:colcon.colcon_core.package_identification:_identify(src/log) by extension 'ignore'
[0.182s] Level 1:colcon.colcon_core.package_identification:_identify(src/log) ignored
[0.182s] Level 1:colcon.colcon_core.package_identification:_identify(src/rpi_controller_pkg) by extensions ['ignore', 'ignore_ament_install']
[0.182s] Level 1:colcon.colcon_core.package_identification:_identify(src/rpi_controller_pkg) by extension 'ignore'
[0.182s] Level 1:colcon.colcon_core.package_identification:_identify(src/rpi_controller_pkg) by extension 'ignore_ament_install'
[0.182s] Level 1:colcon.colcon_core.package_identification:_identify(src/rpi_controller_pkg) by extensions ['colcon_pkg']
[0.182s] Level 1:colcon.colcon_core.package_identification:_identify(src/rpi_controller_pkg) by extension 'colcon_pkg'
[0.182s] Level 1:colcon.colcon_core.package_identification:_identify(src/rpi_controller_pkg) by extensions ['colcon_meta']
[0.182s] Level 1:colcon.colcon_core.package_identification:_identify(src/rpi_controller_pkg) by extension 'colcon_meta'
[0.182s] Level 1:colcon.colcon_core.package_identification:_identify(src/rpi_controller_pkg) by extensions ['ros']
[0.182s] Level 1:colcon.colcon_core.package_identification:_identify(src/rpi_controller_pkg) by extension 'ros'
[0.183s] DEBUG:colcon.colcon_core.package_identification:Package 'src/rpi_controller_pkg' with type 'ros.ament_python' and name 'rpi_controller_pkg'
[0.183s] Level 1:colcon.colcon_core.package_identification:_identify(src/vslam_pkg) by extensions ['ignore', 'ignore_ament_install']
[0.183s] Level 1:colcon.colcon_core.package_identification:_identify(src/vslam_pkg) by extension 'ignore'
[0.183s] Level 1:colcon.colcon_core.package_identification:_identify(src/vslam_pkg) by extension 'ignore_ament_install'
[0.183s] Level 1:colcon.colcon_core.package_identification:_identify(src/vslam_pkg) by extensions ['colcon_pkg']
[0.183s] Level 1:colcon.colcon_core.package_identification:_identify(src/vslam_pkg) by extension 'colcon_pkg'
[0.183s] Level 1:colcon.colcon_core.package_identification:_identify(src/vslam_pkg) by extensions ['colcon_meta']
[0.183s] Level 1:colcon.colcon_core.package_identification:_identify(src/vslam_pkg) by extension 'colcon_meta'
[0.183s] Level 1:colcon.colcon_core.package_identification:_identify(src/vslam_pkg) by extensions ['ros']
[0.183s] Level 1:colcon.colcon_core.package_identification:_identify(src/vslam_pkg) by extension 'ros'
[0.184s] DEBUG:colcon.colcon_core.package_identification:Package 'src/vslam_pkg' with type 'ros.ament_python' and name 'vslam_pkg'
[0.184s] Level 1:colcon.colcon_core.package_discovery:discover_packages(recursive) using defaults
[0.184s] Level 1:colcon.colcon_core.package_discovery:discover_packages(ignore) discover
[0.184s] Level 1:colcon.colcon_core.package_discovery:discover_packages(ignore) using defaults
[0.184s] Level 1:colcon.colcon_core.package_discovery:discover_packages(path) discover
[0.184s] Level 1:colcon.colcon_core.package_discovery:discover_packages(path) using defaults
[0.203s] Level 1:colcon.colcon_core.package_discovery:discover_packages(prefix_path) check parameters
[0.203s] Level 1:colcon.colcon_core.package_discovery:discover_packages(prefix_path) discover
[0.205s] DEBUG:colcon.colcon_installed_package_information.package_discovery:Found 3 installed packages in /home/mohammed-sameh/hatem_version/ros2_ws/install
[0.205s] DEBUG:colcon.colcon_installed_package_information.package_discovery:Found 2 installed packages in /home/mohammed-sameh/amr_ws/install
[0.206s] DEBUG:colcon.colcon_installed_package_information.package_discovery:Found 4 installed packages in /home/mohammed-sameh/mobile_robot/install
[0.206s] DEBUG:colcon.colcon_installed_package_information.package_discovery:Found 2 installed packages in /home/mohammed-sameh/final_project/install
[0.206s] DEBUG:colcon.colcon_installed_package_information.package_discovery:Found 3 installed packages in /home/mohammed-sameh/ros2_ws2/install
[0.207s] DEBUG:colcon.colcon_installed_package_information.package_discovery:Found 2 installed packages in /home/mohammed-sameh/ros2_ws/install
[0.208s] DEBUG:colcon.colcon_installed_package_information.package_discovery:Found 385 installed packages in /opt/ros/jazzy
[0.210s] Level 1:colcon.colcon_core.package_discovery:discover_packages(prefix_path) using defaults
[0.253s] Level 5:colcon.colcon_core.verb:set package 'arduino_pkg' build argument 'cmake_args' from command line to 'None'
[0.253s] Level 5:colcon.colcon_core.verb:set package 'arduino_pkg' build argument 'cmake_target' from command line to 'None'
[0.253s] Level 5:colcon.colcon_core.verb:set package 'arduino_pkg' build argument 'cmake_target_skip_unavailable' from command line to 'False'
[0.253s] Level 5:colcon.colcon_core.verb:set package 'arduino_pkg' build argument 'cmake_clean_cache' from command line to 'False'
[0.253s] Level 5:colcon.colcon_core.verb:set package 'arduino_pkg' build argument 'cmake_clean_first' from command line to 'False'
[0.253s] Level 5:colcon.colcon_core.verb:set package 'arduino_pkg' build argument 'cmake_force_configure' from command line to 'False'
[0.253s] Level 5:colcon.colcon_core.verb:set package 'arduino_pkg' build argument 'ament_cmake_args' from command line to 'None'
[0.253s] Level 5:colcon.colcon_core.verb:set package 'arduino_pkg' build argument 'catkin_cmake_args' from command line to 'None'
[0.253s] Level 5:colcon.colcon_core.verb:set package 'arduino_pkg' build argument 'catkin_skip_building_tests' from command line to 'False'
[0.253s] DEBUG:colcon.colcon_core.verb:Building package 'arduino_pkg' with the following arguments: {'ament_cmake_args': None, 'build_base': '/home/mohammed-sameh/hatem_version/ros2_ws/build/arduino_pkg', 'catkin_cmake_args': None, 'catkin_skip_building_tests': False, 'cmake_args': None, 'cmake_clean_cache': False, 'cmake_clean_first': False, 'cmake_force_configure': False, 'cmake_target': None, 'cmake_target_skip_unavailable': False, 'install_base': '/home/mohammed-sameh/hatem_version/ros2_ws/install/arduino_pkg', 'merge_install': False, 'path': '/home/mohammed-sameh/hatem_version/ros2_ws/src/arduino_pkg', 'symlink_install': False, 'test_result_base': None}
[0.254s] Level 5:colcon.colcon_core.verb:set package 'rpi_controller_pkg' build argument 'cmake_args' from command line to 'None'
[0.254s] Level 5:colcon.colcon_core.verb:set package 'rpi_controller_pkg' build argument 'cmake_target' from command line to 'None'
[0.254s] Level 5:colcon.colcon_core.verb:set package 'rpi_controller_pkg' build argument 'cmake_target_skip_unavailable' from command line to 'False'
[0.254s] Level 5:colcon.colcon_core.verb:set package 'rpi_controller_pkg' build argument 'cmake_clean_cache' from command line to 'False'
[0.254s] Level 5:colcon.colcon_core.verb:set package 'rpi_controller_pkg' build argument 'cmake_clean_first' from command line to 'False'
[0.254s] Level 5:colcon.colcon_core.verb:set package 'rpi_controller_pkg' build argument 'cmake_force_configure' from command line to 'False'
[0.254s] Level 5:colcon.colcon_core.verb:set package 'rpi_controller_pkg' build argument 'ament_cmake_args' from command line to 'None'
[0.254s] Level 5:colcon.colcon_core.verb:set package 'rpi_controller_pkg' build argument 'catkin_cmake_args' from command line to 'None'
[0.254s] Level 5:colcon.colcon_core.verb:set package 'rpi_controller_pkg' build argument 'catkin_skip_building_tests' from command line to 'False'
[0.254s] DEBUG:colcon.colcon_core.verb:Building package 'rpi_controller_pkg' with the following arguments: {'ament_cmake_args': None, 'build_base': '/home/mohammed-sameh/hatem_version/ros2_ws/build/rpi_controller_pkg', 'catkin_cmake_args': None, 'catkin_skip_building_tests': False, 'cmake_args': None, 'cmake_clean_cache': False, 'cmake_clean_first': False, 'cmake_force_configure': False, 'cmake_target': None, 'cmake_target_skip_unavailable': False, 'install_base': '/home/mohammed-sameh/hatem_version/ros2_ws/install/rpi_controller_pkg', 'merge_install': False, 'path': '/home/mohammed-sameh/hatem_version/ros2_ws/src/rpi_controller_pkg', 'symlink_install': False, 'test_result_base': None}
[0.254s] Level 5:colcon.colcon_core.verb:set package 'vslam_pkg' build argument 'cmake_args' from command line to 'None'
[0.254s] Level 5:colcon.colcon_core.verb:set package 'vslam_pkg' build argument 'cmake_target' from command line to 'None'
[0.254s] Level 5:colcon.colcon_core.verb:set package 'vslam_pkg' build argument 'cmake_target_skip_unavailable' from command line to 'False'
[0.254s] Level 5:colcon.colcon_core.verb:set package 'vslam_pkg' build argument 'cmake_clean_cache' from command line to 'False'
[0.254s] Level 5:colcon.colcon_core.verb:set package 'vslam_pkg' build argument 'cmake_clean_first' from command line to 'False'
[0.254s] Level 5:colcon.colcon_core.verb:set package 'vslam_pkg' build argument 'cmake_force_configure' from command line to 'False'
[0.254s] Level 5:colcon.colcon_core.verb:set package 'vslam_pkg' build argument 'ament_cmake_args' from command line to 'None'
[0.254s] Level 5:colcon.colcon_core.verb:set package 'vslam_pkg' build argument 'catkin_cmake_args' from command line to 'None'
[0.254s] Level 5:colcon.colcon_core.verb:set package 'vslam_pkg' build argument 'catkin_skip_building_tests' from command line to 'False'
[0.254s] DEBUG:colcon.colcon_core.verb:Building package 'vslam_pkg' with the following arguments: {'ament_cmake_args': None, 'build_base': '/home/mohammed-sameh/hatem_version/ros2_ws/build/vslam_pkg', 'catkin_cmake_args': None, 'catkin_skip_building_tests': False, 'cmake_args': None, 'cmake_clean_cache': False, 'cmake_clean_first': False, 'cmake_force_configure': False, 'cmake_target': None, 'cmake_target_skip_unavailable': False, 'install_base': '/home/mohammed-sameh/hatem_version/ros2_ws/install/vslam_pkg', 'merge_install': False, 'path': '/home/mohammed-sameh/hatem_version/ros2_ws/src/vslam_pkg', 'symlink_install': False, 'test_result_base': None}
[0.254s] INFO:colcon.colcon_core.executor:Executing jobs using 'parallel' executor
[0.256s] DEBUG:colcon.colcon_parallel_executor.executor.parallel:run_until_complete
[0.256s] INFO:colcon.colcon_ros.task.ament_python.build:Building ROS package in '/home/mohammed-sameh/hatem_version/ros2_ws/src/arduino_pkg' with build type 'ament_python'
[0.256s] Level 1:colcon.colcon_core.shell:create_environment_hook('arduino_pkg', 'ament_prefix_path')
[0.258s] INFO:colcon.colcon_core.plugin_system:Skipping extension 'colcon_core.shell.bat': Not used on non-Windows systems
[0.258s] INFO:colcon.colcon_core.shell:Creating environment hook '/home/mohammed-sameh/hatem_version/ros2_ws/install/arduino_pkg/share/arduino_pkg/hook/ament_prefix_path.ps1'
[0.259s] INFO:colcon.colcon_core.shell:Creating environment descriptor '/home/mohammed-sameh/hatem_version/ros2_ws/install/arduino_pkg/share/arduino_pkg/hook/ament_prefix_path.dsv'
[0.259s] INFO:colcon.colcon_core.shell:Creating environment hook '/home/mohammed-sameh/hatem_version/ros2_ws/install/arduino_pkg/share/arduino_pkg/hook/ament_prefix_path.sh'
[0.260s] INFO:colcon.colcon_core.shell:Skip shell extension 'powershell' for command environment: Not usable outside of PowerShell
[0.260s] DEBUG:colcon.colcon_core.shell:Skip shell extension 'dsv' for command environment
[0.265s] INFO:colcon.colcon_ros.task.ament_python.build:Building ROS package in '/home/mohammed-sameh/hatem_version/ros2_ws/src/rpi_controller_pkg' with build type 'ament_python'
[0.266s] Level 1:colcon.colcon_core.shell:create_environment_hook('rpi_controller_pkg', 'ament_prefix_path')
[0.266s] INFO:colcon.colcon_core.shell:Creating environment hook '/home/mohammed-sameh/hatem_version/ros2_ws/install/rpi_controller_pkg/share/rpi_controller_pkg/hook/ament_prefix_path.ps1'
[0.266s] INFO:colcon.colcon_core.shell:Creating environment descriptor '/home/mohammed-sameh/hatem_version/ros2_ws/install/rpi_controller_pkg/share/rpi_controller_pkg/hook/ament_prefix_path.dsv'
[0.267s] INFO:colcon.colcon_core.shell:Creating environment hook '/home/mohammed-sameh/hatem_version/ros2_ws/install/rpi_controller_pkg/share/rpi_controller_pkg/hook/ament_prefix_path.sh'
[0.267s] INFO:colcon.colcon_core.shell:Skip shell extension 'powershell' for command environment: Not usable outside of PowerShell
[0.267s] DEBUG:colcon.colcon_core.shell:Skip shell extension 'dsv' for command environment
[0.272s] INFO:colcon.colcon_ros.task.ament_python.build:Building ROS package in '/home/mohammed-sameh/hatem_version/ros2_ws/src/vslam_pkg' with build type 'ament_python'
[0.272s] Level 1:colcon.colcon_core.shell:create_environment_hook('vslam_pkg', 'ament_prefix_path')
[0.272s] INFO:colcon.colcon_core.shell:Creating environment hook '/home/mohammed-sameh/hatem_version/ros2_ws/install/vslam_pkg/share/vslam_pkg/hook/ament_prefix_path.ps1'
[0.273s] INFO:colcon.colcon_core.shell:Creating environment descriptor '/home/mohammed-sameh/hatem_version/ros2_ws/install/vslam_pkg/share/vslam_pkg/hook/ament_prefix_path.dsv'
[0.273s] INFO:colcon.colcon_core.shell:Creating environment hook '/home/mohammed-sameh/hatem_version/ros2_ws/install/vslam_pkg/share/vslam_pkg/hook/ament_prefix_path.sh'
[0.274s] INFO:colcon.colcon_core.shell:Skip shell extension 'powershell' for command environment: Not usable outside of PowerShell
[0.274s] DEBUG:colcon.colcon_core.shell:Skip shell extension 'dsv' for command environment
[0.530s] INFO:colcon.colcon_core.task.python.build:Building Python package in '/home/mohammed-sameh/hatem_version/ros2_ws/src/arduino_pkg'
[0.530s] INFO:colcon.colcon_core.shell:Skip shell extension 'powershell' for command environment: Not usable outside of PowerShell
[0.530s] DEBUG:colcon.colcon_core.shell:Skip shell extension 'dsv' for command environment
[0.782s] INFO:colcon.colcon_core.task.python.build:Building Python package in '/home/mohammed-sameh/hatem_version/ros2_ws/src/rpi_controller_pkg'
[0.782s] INFO:colcon.colcon_core.shell:Skip shell extension 'powershell' for command environment: Not usable outside of PowerShell
[0.782s] DEBUG:colcon.colcon_core.shell:Skip shell extension 'dsv' for command environment
[1.039s] INFO:colcon.colcon_core.task.python.build:Building Python package in '/home/mohammed-sameh/hatem_version/ros2_ws/src/vslam_pkg'
[1.040s] INFO:colcon.colcon_core.shell:Skip shell extension 'powershell' for command environment: Not usable outside of PowerShell
[1.040s] DEBUG:colcon.colcon_core.shell:Skip shell extension 'dsv' for command environment
[1.656s] DEBUG:colcon.colcon_core.event_handler.log_command:Invoking command in '/home/mohammed-sameh/hatem_version/ros2_ws/src/vslam_pkg': DEBUGINFOD_URLS=https://debuginfod.ubuntu.com PYTHONPATH=/home/mohammed-sameh/hatem_version/ros2_ws/build/vslam_pkg/prefix_override:/usr/lib/python3/dist-packages/colcon_core/task/python/colcon_distutils_commands:/home/mohammed-sameh/hatem_version/ros2_ws/install/vslam_pkg/lib/python3.12/site-packages:${PYTHONPATH} /usr/bin/python3 -W ignore:setup.py install is deprecated -W ignore:easy_install command is deprecated setup.py egg_info --egg-base ../../build/vslam_pkg build --build-base /home/mohammed-sameh/hatem_version/ros2_ws/build/vslam_pkg/build install --record /home/mohammed-sameh/hatem_version/ros2_ws/build/vslam_pkg/install.log --single-version-externally-managed install_data
[1.660s] DEBUG:colcon.colcon_core.event_handler.log_command:Invoking command in '/home/mohammed-sameh/hatem_version/ros2_ws/src/rpi_controller_pkg': DEBUGINFOD_URLS=https://debuginfod.ubuntu.com PYTHONPATH=/home/mohammed-sameh/hatem_version/ros2_ws/build/rpi_controller_pkg/prefix_override:/usr/lib/python3/dist-packages/colcon_core/task/python/colcon_distutils_commands:/home/mohammed-sameh/hatem_version/ros2_ws/install/rpi_controller_pkg/lib/python3.12/site-packages:${PYTHONPATH} /usr/bin/python3 -W ignore:setup.py install is deprecated -W ignore:easy_install command is deprecated setup.py egg_info --egg-base ../../build/rpi_controller_pkg build --build-base /home/mohammed-sameh/hatem_version/ros2_ws/build/rpi_controller_pkg/build install --record /home/mohammed-sameh/hatem_version/ros2_ws/build/rpi_controller_pkg/install.log --single-version-externally-managed install_data
[1.665s] DEBUG:colcon.colcon_core.event_handler.log_command:Invoking command in '/home/mohammed-sameh/hatem_version/ros2_ws/src/arduino_pkg': DEBUGINFOD_URLS=https://debuginfod.ubuntu.com PYTHONPATH=/home/mohammed-sameh/hatem_version/ros2_ws/build/arduino_pkg/prefix_override:/usr/lib/python3/dist-packages/colcon_core/task/python/colcon_distutils_commands:/home/mohammed-sameh/hatem_version/ros2_ws/install/arduino_pkg/lib/python3.12/site-packages:${PYTHONPATH} /usr/bin/python3 -W ignore:setup.py install is deprecated -W ignore:easy_install command is deprecated setup.py egg_info --egg-base ../../build/arduino_pkg build --build-base /home/mohammed-sameh/hatem_version/ros2_ws/build/arduino_pkg/build install --record /home/mohammed-sameh/hatem_version/ros2_ws/build/arduino_pkg/install.log --single-version-externally-managed install_data
[2.208s] DEBUG:colcon.colcon_core.event_handler.log_command:Invoked command in '/home/mohammed-sameh/hatem_version/ros2_ws/src/vslam_pkg' returned '0': DEBUGINFOD_URLS=https://debuginfod.ubuntu.com PYTHONPATH=/home/mohammed-sameh/hatem_version/ros2_ws/build/vslam_pkg/prefix_override:/usr/lib/python3/dist-packages/colcon_core/task/python/colcon_distutils_commands:/home/mohammed-sameh/hatem_version/ros2_ws/install/vslam_pkg/lib/python3.12/site-packages:${PYTHONPATH} /usr/bin/python3 -W ignore:setup.py install is deprecated -W ignore:easy_install command is deprecated setup.py egg_info --egg-base ../../build/vslam_pkg build --build-base /home/mohammed-sameh/hatem_version/ros2_ws/build/vslam_pkg/build install --record /home/mohammed-sameh/hatem_version/ros2_ws/build/vslam_pkg/install.log --single-version-externally-managed install_data
[2.212s] Level 1:colcon.colcon_core.environment:checking '/home/mohammed-sameh/hatem_version/ros2_ws/install/vslam_pkg' for CMake module files
[2.213s] Level 1:colcon.colcon_core.environment:checking '/home/mohammed-sameh/hatem_version/ros2_ws/install/vslam_pkg' for CMake config files
[2.215s] Level 1:colcon.colcon_core.environment:checking '/home/mohammed-sameh/hatem_version/ros2_ws/install/vslam_pkg/lib'
[2.215s] Level 1:colcon.colcon_core.environment:checking '/home/mohammed-sameh/hatem_version/ros2_ws/install/vslam_pkg/bin'
[2.215s] Level 1:colcon.colcon_core.environment:checking '/home/mohammed-sameh/hatem_version/ros2_ws/install/vslam_pkg/lib/pkgconfig/vslam_pkg.pc'
[2.216s] Level 1:colcon.colcon_core.environment:checking '/home/mohammed-sameh/hatem_version/ros2_ws/install/vslam_pkg/lib/python3.12/site-packages'
[2.216s] Level 1:colcon.colcon_core.shell:create_environment_hook('vslam_pkg', 'pythonpath')
[2.216s] INFO:colcon.colcon_core.shell:Creating environment hook '/home/mohammed-sameh/hatem_version/ros2_ws/install/vslam_pkg/share/vslam_pkg/hook/pythonpath.ps1'
[2.217s] INFO:colcon.colcon_core.shell:Creating environment descriptor '/home/mohammed-sameh/hatem_version/ros2_ws/install/vslam_pkg/share/vslam_pkg/hook/pythonpath.dsv'
[2.218s] INFO:colcon.colcon_core.shell:Creating environment hook '/home/mohammed-sameh/hatem_version/ros2_ws/install/vslam_pkg/share/vslam_pkg/hook/pythonpath.sh'
[2.219s] Level 1:colcon.colcon_core.environment:checking '/home/mohammed-sameh/hatem_version/ros2_ws/install/vslam_pkg/bin'
[2.219s] Level 1:colcon.colcon_core.environment:create_environment_scripts_only(vslam_pkg)
[2.220s] INFO:colcon.colcon_core.shell:Creating package script '/home/mohammed-sameh/hatem_version/ros2_ws/install/vslam_pkg/share/vslam_pkg/package.ps1'
[2.221s] INFO:colcon.colcon_core.shell:Creating package descriptor '/home/mohammed-sameh/hatem_version/ros2_ws/install/vslam_pkg/share/vslam_pkg/package.dsv'
[2.222s] INFO:colcon.colcon_core.shell:Creating package script '/home/mohammed-sameh/hatem_version/ros2_ws/install/vslam_pkg/share/vslam_pkg/package.sh'
[2.224s] INFO:colcon.colcon_core.shell:Creating package script '/home/mohammed-sameh/hatem_version/ros2_ws/install/vslam_pkg/share/vslam_pkg/package.bash'
[2.225s] INFO:colcon.colcon_core.shell:Creating package script '/home/mohammed-sameh/hatem_version/ros2_ws/install/vslam_pkg/share/vslam_pkg/package.zsh'
[2.225s] Level 1:colcon.colcon_core.environment:create_file_with_runtime_dependencies(/home/mohammed-sameh/hatem_version/ros2_ws/install/vslam_pkg/share/colcon-core/packages/vslam_pkg)
[2.229s] Level 1:colcon.colcon_core.environment:checking '/home/mohammed-sameh/hatem_version/ros2_ws/install/rpi_controller_pkg' for CMake module files
[2.230s] DEBUG:colcon.colcon_core.event_handler.log_command:Invoked command in '/home/mohammed-sameh/hatem_version/ros2_ws/src/rpi_controller_pkg' returned '0': DEBUGINFOD_URLS=https://debuginfod.ubuntu.com PYTHONPATH=/home/mohammed-sameh/hatem_version/ros2_ws/build/rpi_controller_pkg/prefix_override:/usr/lib/python3/dist-packages/colcon_core/task/python/colcon_distutils_commands:/home/mohammed-sameh/hatem_version/ros2_ws/install/rpi_controller_pkg/lib/python3.12/site-packages:${PYTHONPATH} /usr/bin/python3 -W ignore:setup.py install is deprecated -W ignore:easy_install command is deprecated setup.py egg_info --egg-base ../../build/rpi_controller_pkg build --build-base /home/mohammed-sameh/hatem_version/ros2_ws/build/rpi_controller_pkg/build install --record /home/mohammed-sameh/hatem_version/ros2_ws/build/rpi_controller_pkg/install.log --single-version-externally-managed install_data
[2.230s] Level 1:colcon.colcon_core.environment:checking '/home/mohammed-sameh/hatem_version/ros2_ws/install/rpi_controller_pkg' for CMake config files
[2.231s] Level 1:colcon.colcon_core.environment:checking '/home/mohammed-sameh/hatem_version/ros2_ws/install/rpi_controller_pkg/lib'
[2.231s] Level 1:colcon.colcon_core.environment:checking '/home/mohammed-sameh/hatem_version/ros2_ws/install/rpi_controller_pkg/bin'
[2.231s] Level 1:colcon.colcon_core.environment:checking '/home/mohammed-sameh/hatem_version/ros2_ws/install/rpi_controller_pkg/lib/pkgconfig/rpi_controller_pkg.pc'
[2.232s] Level 1:colcon.colcon_core.environment:checking '/home/mohammed-sameh/hatem_version/ros2_ws/install/rpi_controller_pkg/lib/python3.12/site-packages'
[2.232s] Level 1:colcon.colcon_core.shell:create_environment_hook('rpi_controller_pkg', 'pythonpath')
[2.232s] INFO:colcon.colcon_core.shell:Creating environment hook '/home/mohammed-sameh/hatem_version/ros2_ws/install/rpi_controller_pkg/share/rpi_controller_pkg/hook/pythonpath.ps1'
[2.233s] INFO:colcon.colcon_core.shell:Creating environment descriptor '/home/mohammed-sameh/hatem_version/ros2_ws/install/rpi_controller_pkg/share/rpi_controller_pkg/hook/pythonpath.dsv'
[2.234s] INFO:colcon.colcon_core.shell:Creating environment hook '/home/mohammed-sameh/hatem_version/ros2_ws/install/rpi_controller_pkg/share/rpi_controller_pkg/hook/pythonpath.sh'
[2.235s] Level 1:colcon.colcon_core.environment:checking '/home/mohammed-sameh/hatem_version/ros2_ws/install/rpi_controller_pkg/bin'
[2.235s] Level 1:colcon.colcon_core.environment:create_environment_scripts_only(rpi_controller_pkg)
[2.235s] INFO:colcon.colcon_core.shell:Creating package script '/home/mohammed-sameh/hatem_version/ros2_ws/install/rpi_controller_pkg/share/rpi_controller_pkg/package.ps1'
[2.236s] INFO:colcon.colcon_core.shell:Creating package descriptor '/home/mohammed-sameh/hatem_version/ros2_ws/install/rpi_controller_pkg/share/rpi_controller_pkg/package.dsv'
[2.237s] INFO:colcon.colcon_core.shell:Creating package script '/home/mohammed-sameh/hatem_version/ros2_ws/install/rpi_controller_pkg/share/rpi_controller_pkg/package.sh'
[2.238s] INFO:colcon.colcon_core.shell:Creating package script '/home/mohammed-sameh/hatem_version/ros2_ws/install/rpi_controller_pkg/share/rpi_controller_pkg/package.bash'
[2.238s] INFO:colcon.colcon_core.shell:Creating package script '/home/mohammed-sameh/hatem_version/ros2_ws/install/rpi_controller_pkg/share/rpi_controller_pkg/package.zsh'
[2.239s] Level 1:colcon.colcon_core.environment:create_file_with_runtime_dependencies(/home/mohammed-sameh/hatem_version/ros2_ws/install/rpi_controller_pkg/share/colcon-core/packages/rpi_controller_pkg)
[2.239s] Level 1:colcon.colcon_core.environment:checking '/home/mohammed-sameh/hatem_version/ros2_ws/install/arduino_pkg' for CMake module files
[2.241s] DEBUG:colcon.colcon_core.event_handler.log_command:Invoked command in '/home/mohammed-sameh/hatem_version/ros2_ws/src/arduino_pkg' returned '0': DEBUGINFOD_URLS=https://debuginfod.ubuntu.com PYTHONPATH=/home/mohammed-sameh/hatem_version/ros2_ws/build/arduino_pkg/prefix_override:/usr/lib/python3/dist-packages/colcon_core/task/python/colcon_distutils_commands:/home/mohammed-sameh/hatem_version/ros2_ws/install/arduino_pkg/lib/python3.12/site-packages:${PYTHONPATH} /usr/bin/python3 -W ignore:setup.py install is deprecated -W ignore:easy_install command is deprecated setup.py egg_info --egg-base ../../build/arduino_pkg build --build-base /home/mohammed-sameh/hatem_version/ros2_ws/build/arduino_pkg/build install --record /home/mohammed-sameh/hatem_version/ros2_ws/build/arduino_pkg/install.log --single-version-externally-managed install_data
[2.241s] Level 1:colcon.colcon_core.environment:checking '/home/mohammed-sameh/hatem_version/ros2_ws/install/arduino_pkg' for CMake config files
[2.242s] Level 1:colcon.colcon_core.environment:checking '/home/mohammed-sameh/hatem_version/ros2_ws/install/arduino_pkg/lib'
[2.242s] Level 1:colcon.colcon_core.environment:checking '/home/mohammed-sameh/hatem_version/ros2_ws/install/arduino_pkg/bin'
[2.242s] Level 1:colcon.colcon_core.environment:checking '/home/mohammed-sameh/hatem_version/ros2_ws/install/arduino_pkg/lib/pkgconfig/arduino_pkg.pc'
[2.242s] Level 1:colcon.colcon_core.environment:checking '/home/mohammed-sameh/hatem_version/ros2_ws/install/arduino_pkg/lib/python3.12/site-packages'
[2.242s] Level 1:colcon.colcon_core.shell:create_environment_hook('arduino_pkg', 'pythonpath')
[2.243s] INFO:colcon.colcon_core.shell:Creating environment hook '/home/mohammed-sameh/hatem_version/ros2_ws/install/arduino_pkg/share/arduino_pkg/hook/pythonpath.ps1'
[2.243s] INFO:colcon.colcon_core.shell:Creating environment descriptor '/home/mohammed-sameh/hatem_version/ros2_ws/install/arduino_pkg/share/arduino_pkg/hook/pythonpath.dsv'
[2.244s] INFO:colcon.colcon_core.shell:Creating environment hook '/home/mohammed-sameh/hatem_version/ros2_ws/install/arduino_pkg/share/arduino_pkg/hook/pythonpath.sh'
[2.245s] Level 1:colcon.colcon_core.environment:checking '/home/mohammed-sameh/hatem_version/ros2_ws/install/arduino_pkg/bin'
[2.245s] Level 1:colcon.colcon_core.environment:create_environment_scripts_only(arduino_pkg)
[2.245s] INFO:colcon.colcon_core.shell:Creating package script '/home/mohammed-sameh/hatem_version/ros2_ws/install/arduino_pkg/share/arduino_pkg/package.ps1'
[2.245s] INFO:colcon.colcon_core.shell:Creating package descriptor '/home/mohammed-sameh/hatem_version/ros2_ws/install/arduino_pkg/share/arduino_pkg/package.dsv'
[2.246s] INFO:colcon.colcon_core.shell:Creating package script '/home/mohammed-sameh/hatem_version/ros2_ws/install/arduino_pkg/share/arduino_pkg/package.sh'
[2.246s] INFO:colcon.colcon_core.shell:Creating package script '/home/mohammed-sameh/hatem_version/ros2_ws/install/arduino_pkg/share/arduino_pkg/package.bash'
[2.247s] INFO:colcon.colcon_core.shell:Creating package script '/home/mohammed-sameh/hatem_version/ros2_ws/install/arduino_pkg/share/arduino_pkg/package.zsh'
[2.247s] Level 1:colcon.colcon_core.environment:create_file_with_runtime_dependencies(/home/mohammed-sameh/hatem_version/ros2_ws/install/arduino_pkg/share/colcon-core/packages/arduino_pkg)
[2.247s] DEBUG:colcon.colcon_parallel_executor.executor.parallel:closing loop
[2.248s] DEBUG:colcon.colcon_parallel_executor.executor.parallel:loop closed
[2.248s] DEBUG:colcon.colcon_parallel_executor.executor.parallel:run_until_complete finished with '0'
[2.248s] DEBUG:colcon.colcon_core.event_reactor:joining thread
[2.256s] INFO:colcon.colcon_core.plugin_system:Skipping extension 'colcon_notification.desktop_notification.terminal_notifier': Not used on non-Darwin systems
[2.257s] INFO:colcon.colcon_core.plugin_system:Skipping extension 'colcon_notification.desktop_notification.win32': Not used on non-Windows systems
[2.257s] INFO:colcon.colcon_notification.desktop_notification:Sending desktop notification using 'notify2'
[2.281s] DEBUG:colcon.colcon_core.event_reactor:joined thread
[2.282s] INFO:colcon.colcon_core.shell:Creating prefix script '/home/mohammed-sameh/hatem_version/ros2_ws/install/local_setup.ps1'
[2.284s] INFO:colcon.colcon_core.shell:Creating prefix util module '/home/mohammed-sameh/hatem_version/ros2_ws/install/_local_setup_util_ps1.py'
[2.286s] INFO:colcon.colcon_core.shell:Creating prefix chain script '/home/mohammed-sameh/hatem_version/ros2_ws/install/setup.ps1'
[2.288s] INFO:colcon.colcon_core.shell:Creating prefix script '/home/mohammed-sameh/hatem_version/ros2_ws/install/local_setup.sh'
[2.289s] INFO:colcon.colcon_core.shell:Creating prefix util module '/home/mohammed-sameh/hatem_version/ros2_ws/install/_local_setup_util_sh.py'
[2.290s] INFO:colcon.colcon_core.shell:Creating prefix chain script '/home/mohammed-sameh/hatem_version/ros2_ws/install/setup.sh'
[2.292s] INFO:colcon.colcon_core.shell:Creating prefix script '/home/mohammed-sameh/hatem_version/ros2_ws/install/local_setup.bash'
[2.292s] INFO:colcon.colcon_core.shell:Creating prefix chain script '/home/mohammed-sameh/hatem_version/ros2_ws/install/setup.bash'
[2.294s] INFO:colcon.colcon_core.shell:Creating prefix script '/home/mohammed-sameh/hatem_version/ros2_ws/install/local_setup.zsh'
[2.295s] INFO:colcon.colcon_core.shell:Creating prefix chain script '/home/mohammed-sameh/hatem_version/ros2_ws/install/setup.zsh'
